../Core/Src/AT_CMD.c:36:6:HAL_UART_RxCpltCallback	16	static
../Core/Src/AT_CMD.c:52:9:UART_ReadAvailable	4	static
../Core/Src/AT_CMD.c:61:9:UART_Read	16	static
../Core/Src/AT_CMD.c:77:9:atSend	48	static
../Core/Src/AT_CMD.c:155:6:init_Uart_RX	8	static
../Core/Src/AT_CMD.c:165:6:GSMIniT	24	static
../Core/Src/AT_CMD.c:298:9:GSMConnectMqtt	416	static
../Core/Src/AT_CMD.c:380:9:GSMpublishMqtt	136	static
../Core/Src/AT_CMD.c:416:14:generateRandomID	16	static
../Core/Src/AT_CMD.c:432:6:GSMprocessUnreadMessages	2648	static
../Core/Src/AT_CMD.c:573:6:Get_Timestamp	24	static
../Core/Src/AT_CMD.c:583:13:convertTimeString	80	static
../Core/Src/AT_CMD.c:598:9:getCellularInfo	48	static
../Core/Src/AT_CMD.c:683:20:convertNetworkType	16	static
../Core/Src/AT_CMD.c:697:20:getOperatorName	16	static
../Core/Src/AT_CMD.c:711:16:check_sim_status	32	static
