../Core/Src/main.c:99:5:main	8	static
../Core/Src/main.c:161:6:SystemClock_Config	88	static
../Core/Src/main.c:208:13:MX_ADC1_Init	56	static
../Core/Src/main.c:295:13:MX_ADC2_Init	40	static
../Core/Src/main.c:381:13:MX_DAC1_Init	56	static
../Core/Src/main.c:435:13:MX_I2C1_Init	8	static
../Core/Src/main.c:483:13:MX_IWDG_Init	8	static
../Core/Src/main.c:512:13:MX_RTC_Init	8	static
../Core/Src/main.c:549:13:MX_SPI1_Init	8	static
../Core/Src/main.c:589:13:MX_TIM1_Init	72	static
../Core/Src/main.c:665:13:MX_TIM2_Init	64	static
../Core/Src/main.c:724:13:MX_TIM3_Init	64	static
../Core/Src/main.c:783:13:MX_TIM4_Init	72	static
../Core/Src/main.c:857:13:MX_UART4_Init	8	static
../Core/Src/main.c:905:13:MX_USART1_UART_Init	8	static
../Core/Src/main.c:953:13:MX_USART3_UART_Init	8	static
../Core/Src/main.c:1001:13:MX_GPIO_Init	48	static
../Core/Src/main.c:1043:1:__io_putchar	16	static
../Core/Src/main.c:1054:6:Error_Handler	4	static,ignoring_inline_asm
