../Core/Src/main.c:102:6:HAL_UART_RxCpltCallback	16	static
../Core/Src/main.c:115:5:main	8	static
../Core/Src/main.c:179:6:SystemClock_Config	88	static
../Core/Src/main.c:226:13:MX_ADC1_Init	56	static
../Core/Src/main.c:294:13:MX_ADC2_Init	40	static
../Core/Src/main.c:371:13:MX_COMP1_Init	8	static
../Core/Src/main.c:403:13:MX_DAC1_Init	56	static
../Core/Src/main.c:458:13:MX_I2C1_Init	8	static
../Core/Src/main.c:506:13:MX_IWDG_Init	8	static
../Core/Src/main.c:535:13:MX_RTC_Init	8	static
../Core/Src/main.c:572:13:MX_SPI1_Init	8	static
../Core/Src/main.c:612:13:MX_TIM1_Init	72	static
../Core/Src/main.c:688:13:MX_TIM2_Init	64	static
../Core/Src/main.c:747:13:MX_TIM3_Init	64	static
../Core/Src/main.c:806:13:MX_TIM4_Init	72	static
../Core/Src/main.c:880:13:MX_UART4_Init	8	static
../Core/Src/main.c:928:13:MX_USART1_UART_Init	8	static
../Core/Src/main.c:976:13:MX_USART2_UART_Init	8	static
../Core/Src/main.c:1024:13:MX_USART3_UART_Init	8	static
../Core/Src/main.c:1072:13:MX_GPIO_Init	48	static
../Core/Src/main.c:1114:1:__io_putchar	16	static
../Core/Src/main.c:1125:6:Error_Handler	4	static,ignoring_inline_asm
