../Core/Src/stm32g4xx_hal_msp.c:65:6:HAL_MspInit	16	static
../Core/Src/stm32g4xx_hal_msp.c:94:6:HAL_ADC_MspInit	120	static
../Core/Src/stm32g4xx_hal_msp.c:167:6:HAL_ADC_MspDeInit	16	static
../Core/Src/stm32g4xx_hal_msp.c:214:6:HAL_COMP_MspInit	40	static
../Core/Src/stm32g4xx_hal_msp.c:246:6:HAL_COMP_MspDeInit	16	static
../Core/Src/stm32g4xx_hal_msp.c:272:6:HAL_DAC_MspInit	48	static
../Core/Src/stm32g4xx_hal_msp.c:307:6:HAL_DAC_MspDeInit	16	static
../Core/Src/stm32g4xx_hal_msp.c:336:6:HAL_I2C_MspInit	112	static
../Core/Src/stm32g4xx_hal_msp.c:383:6:HAL_I2C_MspDeInit	16	static
../Core/Src/stm32g4xx_hal_msp.c:414:6:HAL_RTC_MspInit	88	static
../Core/Src/stm32g4xx_hal_msp.c:450:6:HAL_RTC_MspDeInit	16	static
../Core/Src/stm32g4xx_hal_msp.c:473:6:HAL_SPI_MspInit	48	static
../Core/Src/stm32g4xx_hal_msp.c:511:6:HAL_SPI_MspDeInit	16	static
../Core/Src/stm32g4xx_hal_msp.c:541:6:HAL_TIM_Base_MspInit	64	static
../Core/Src/stm32g4xx_hal_msp.c:623:6:HAL_TIM_MspPostInit	48	static
../Core/Src/stm32g4xx_hal_msp.c:675:6:HAL_TIM_Base_MspDeInit	16	static
../Core/Src/stm32g4xx_hal_msp.c:747:6:HAL_UART_MspInit	144	static
../Core/Src/stm32g4xx_hal_msp.c:914:6:HAL_UART_MspDeInit	16	static
