2025-09-16 13:25:04,891 [INFO] Activator:176 - 


2025-09-16 13:25:04,898 [INFO] Activator:177 - !SESSION log4j initialized
2025-09-16 13:25:12,130 [INFO] LogOutputStream:77 - [STDOUT_REDIRECT] 
2025-09-16 13:25:13,537 [INFO] ApplicationProperties:184 - Using Application install path: C:\ST\STM32CubeIDE_1.19.0\STM32CubeIDE\plugins\com.st.stm32cube.common.mx_6.15.0.202507011659
2025-09-16 13:25:13,570 [INFO] DbMcusXml:78 - Set database path to: C:\ST\STM32CubeIDE_1.19.0\STM32CubeIDE\plugins\com.st.stm32cube.common.mx_6.15.0.202507011659\\db\/mcu/
2025-09-16 13:25:13,571 [INFO] ApiDb:274 - Set plugin database path to: C:\ST\STM32CubeIDE_1.19.0\STM32CubeIDE\plugins\com.st.stm32cube.common.mx_6.15.0.202507011659\\db\/plugins/boardmanager/
2025-09-16 13:25:13,572 [WARN] ApiDb:259 - Overriding images path with different value:  => C:\ST\STM32CubeIDE_1.19.0\STM32CubeIDE\plugins\com.st.stm32cube.common.mx_6.15.0.202507011659\\db\/plugins/mcufinder/images/
2025-09-16 13:25:13,584 [INFO] ApiDb:250 - Set database path to: C:\Users\fervi\.stmcufinder\plugins\mcufinder//mcu/
2025-09-16 13:25:13,586 [INFO] DbMcusAds:125 - Set database path to: C:\Users\fervi\.stmcufinder\plugins\mcufinder//mcu/
2025-09-16 13:25:13,592 [INFO] CrossReferenceDbSqlite:203 - Set database path to: C:\Users\fervi\.stmcufinder\plugins\mcufinder//mcu/cs/
2025-09-16 13:25:13,744 [INFO] RulesReader:64 - Compatibility file has been processed (317 Rules)
2025-09-16 13:25:13,866 [INFO] DbMcusXml:78 - Set database path to: C:\ST\STM32CubeIDE_1.19.0\STM32CubeIDE\plugins\com.st.stm32cube.common.mx_6.15.0.202507011659\\db\/mcu/
2025-09-16 13:25:13,866 [INFO] ApiDb:274 - Set plugin database path to: C:\ST\STM32CubeIDE_1.19.0\STM32CubeIDE\plugins\com.st.stm32cube.common.mx_6.15.0.202507011659\\db\/plugins/boardmanager/
2025-09-16 13:25:13,866 [INFO] ApiDb:261 - Set plugin images path to: C:\ST\STM32CubeIDE_1.19.0\STM32CubeIDE\plugins\com.st.stm32cube.common.mx_6.15.0.202507011659\\db\/plugins/mcufinder/images/
2025-09-16 13:25:13,867 [WARN] DbFile:41 - Overriding database path with different value: C:\Users\fervi\.stmcufinder\plugins\mcufinder/ => C:\Users\fervi\.stmcufinder\plugins\mcufinder
2025-09-16 13:25:13,867 [INFO] ApiDb:250 - Set database path to: C:\Users\fervi\.stmcufinder\plugins\mcufinder//mcu/
2025-09-16 13:25:13,867 [WARN] DbFile:41 - Overriding database path with different value: C:\Users\fervi\.stmcufinder\plugins\mcufinder/ => C:\Users\fervi\.stmcufinder\plugins\mcufinder
2025-09-16 13:25:13,867 [INFO] DbMcusAds:125 - Set database path to: C:\Users\fervi\.stmcufinder\plugins\mcufinder//mcu/
2025-09-16 13:25:13,867 [WARN] DbFile:41 - Overriding database path with different value: C:\Users\fervi\.stmcufinder\plugins\mcufinder/ => C:\Users\fervi\.stmcufinder\plugins\mcufinder
2025-09-16 13:25:13,867 [WARN] DbFile:41 - Overriding database path with different value: C:\Users\fervi\.stmcufinder\plugins\mcufinder/ => C:\Users\fervi\.stmcufinder\plugins\mcufinder
2025-09-16 13:25:13,867 [INFO] CrossReferenceDbSqlite:203 - Set database path to: C:\Users\fervi\.stmcufinder\plugins\mcufinder//mcu/cs/
2025-09-16 13:25:13,973 [INFO] MainPanel:274 - HeapMemory: 268435456
2025-09-16 13:25:14,136 [INFO] DbMcusXml:78 - Set database path to: C:\ST\STM32CubeIDE_1.19.0\STM32CubeIDE\plugins\com.st.stm32cube.common.mx_6.15.0.202507011659\\db\/mcu/
2025-09-16 13:25:14,136 [INFO] ApiDb:274 - Set plugin database path to: C:\ST\STM32CubeIDE_1.19.0\STM32CubeIDE\plugins\com.st.stm32cube.common.mx_6.15.0.202507011659\\db\/plugins/boardmanager/
2025-09-16 13:25:14,136 [INFO] ApiDb:261 - Set plugin images path to: C:\ST\STM32CubeIDE_1.19.0\STM32CubeIDE\plugins\com.st.stm32cube.common.mx_6.15.0.202507011659\\db\/plugins/mcufinder/images/
2025-09-16 13:25:14,136 [WARN] DbFile:41 - Overriding database path with different value: C:\Users\fervi\.stmcufinder\plugins\mcufinder/ => C:\Users\fervi\.stmcufinder\plugins\mcufinder
2025-09-16 13:25:14,136 [INFO] ApiDb:250 - Set database path to: C:\Users\fervi\.stmcufinder\plugins\mcufinder//mcu/
2025-09-16 13:25:14,136 [WARN] DbFile:41 - Overriding database path with different value: C:\Users\fervi\.stmcufinder\plugins\mcufinder/ => C:\Users\fervi\.stmcufinder\plugins\mcufinder
2025-09-16 13:25:14,138 [INFO] DbMcusAds:125 - Set database path to: C:\Users\fervi\.stmcufinder\plugins\mcufinder//mcu/
2025-09-16 13:25:14,138 [WARN] DbFile:41 - Overriding database path with different value: C:\Users\fervi\.stmcufinder\plugins\mcufinder/ => C:\Users\fervi\.stmcufinder\plugins\mcufinder
2025-09-16 13:25:14,138 [WARN] DbFile:41 - Overriding database path with different value: C:\Users\fervi\.stmcufinder\plugins\mcufinder/ => C:\Users\fervi\.stmcufinder\plugins\mcufinder
2025-09-16 13:25:14,138 [INFO] CrossReferenceDbSqlite:203 - Set database path to: C:\Users\fervi\.stmcufinder\plugins\mcufinder//mcu/cs/
2025-09-16 13:25:14,161 [INFO] ApplicationProperties:184 - Using Application install path: C:\ST\STM32CubeIDE_1.19.0\STM32CubeIDE\plugins\com.st.stm32cube.common.mx_6.15.0.202507011659
2025-09-16 13:25:14,162 [INFO] PluginManage:196 - Search for loadable plugins [exclusion list=, ]
2025-09-16 13:25:14,164 [INFO] PluginManage:310 - Check plugin analytics
2025-09-16 13:25:14,439 [INFO] AnalyticsPlugin:253 - Accepted Software Licenses: 
2025-09-16 13:25:14,440 [INFO] AnalyticsPlugin:255 - Accepted CMSIS Pack Licenses: 
2025-09-16 13:25:14,440 [INFO] AnalyticsPlugin:257 - Accepted Firmware Licenses: FW.G0.1.6.0,FW.F4.1.28.0,FW.G4.1.6.0,FW.WL.1.3.0
2025-09-16 13:25:14,444 [INFO] PluginManage:359 - Loaded plugin analytics (category:tool,tabindex:-1)
2025-09-16 13:25:14,445 [INFO] PluginManage:310 - Check plugin cadmodel
2025-09-16 13:25:14,455 [INFO] CADModel:105 - Init CAD model plugin
2025-09-16 13:25:14,456 [INFO] PluginManage:359 - Loaded plugin cadmodel (category:power,tabindex:5)
2025-09-16 13:25:14,456 [INFO] PluginManage:310 - Check plugin clock
2025-09-16 13:25:14,469 [INFO] PluginManage:359 - Loaded plugin clock (category:base,tabindex:2)
2025-09-16 13:25:14,469 [INFO] PluginManage:310 - Check plugin ddr
2025-09-16 13:25:14,472 [INFO] PluginManage:359 - Loaded plugin ddr (category:tool,tabindex:6)
2025-09-16 13:25:14,473 [INFO] PluginManage:310 - Check plugin filemanager
2025-09-16 13:25:14,658 [INFO] PluginManage:359 - Loaded plugin filemanager (category:base,tabindex:10)
2025-09-16 13:25:14,658 [INFO] PluginManage:310 - Check plugin ipmanager
2025-09-16 13:25:14,667 [INFO] PluginManage:359 - Loaded plugin ipmanager (category:base,tabindex:5)
2025-09-16 13:25:14,668 [INFO] PluginManage:310 - Check plugin lpbam
2025-09-16 13:25:14,678 [INFO] PluginManage:359 - Loaded plugin lpbam (category:base,tabindex:0)
2025-09-16 13:25:14,678 [INFO] PluginManage:310 - Check plugin memorymap
2025-09-16 13:25:14,699 [INFO] PluginManage:359 - Loaded plugin memorymap (category:base,tabindex:4)
2025-09-16 13:25:14,701 [INFO] PluginManage:310 - Check plugin pinoutandconfiguration
2025-09-16 13:25:14,713 [INFO] PluginManage:359 - Loaded plugin pinoutandconfiguration (category:base,tabindex:1)
2025-09-16 13:25:14,713 [INFO] PluginManage:310 - Check plugin pinoutconfig
2025-09-16 13:25:14,821 [WARN] SupportedApi:132 - Cannot load RTOS API schema: s4s-elt-must-match.1: The content of 'definitions' must match (annotation?, (simpleType | complexType)?, (unique | key | keyref)*)). A problem was found starting at: attribute.
2025-09-16 13:25:15,022 [INFO] PluginManage:359 - Loaded plugin pinoutconfig (category:base,tabindex:0)
2025-09-16 13:25:15,022 [INFO] PluginManage:310 - Check plugin power
2025-09-16 13:25:15,038 [INFO] PluginManage:359 - Loaded plugin power (category:power,tabindex:4)
2025-09-16 13:25:15,038 [INFO] PluginManage:310 - Check plugin projectmanager
2025-09-16 13:25:15,061 [INFO] PluginManage:359 - Loaded plugin projectmanager (category:projectmanager,tabindex:4)
2025-09-16 13:25:15,061 [INFO] PluginManage:310 - Check plugin rif
2025-09-16 13:25:15,081 [INFO] PluginManage:359 - Loaded plugin rif (category:base,tabindex:3)
2025-09-16 13:25:15,081 [INFO] PluginManage:310 - Check plugin thirdparty
2025-09-16 13:25:15,290 [INFO] PluginManage:359 - Loaded plugin thirdparty (category:base,tabindex:-1)
2025-09-16 13:25:15,290 [WARN] IntegrityCheckThread:84 - waiting for thirdparty lock release [integrity check]
2025-09-16 13:25:15,290 [INFO] IntegrityCheckThread:86 - entering critical section [integrity check]
2025-09-16 13:25:15,290 [INFO] PluginManage:310 - Check plugin tools
2025-09-16 13:25:15,291 [INFO] ThirdPartyUpdaterWithRetryManager:70 - Updater plugin not ready yet. [1/15]
2025-09-16 13:25:15,294 [INFO] PluginManage:359 - Loaded plugin tools (category:base,tabindex:7)
2025-09-16 13:25:15,294 [INFO] PluginManage:310 - Check plugin tutovideos
2025-09-16 13:25:15,563 [INFO] PluginManage:359 - Loaded plugin tutovideos (category:base,tabindex:-1)
2025-09-16 13:25:15,563 [INFO] PluginManage:310 - Check plugin updater
2025-09-16 13:25:15,595 [INFO] PluginManage:359 - Loaded plugin updater (category:base,tabindex:12)
2025-09-16 13:25:15,595 [INFO] PluginManage:310 - Check plugin userauth
2025-09-16 13:25:15,601 [INFO] UserAuth:118 - Init User Auth plugin
2025-09-16 13:25:15,602 [INFO] PluginManage:359 - Loaded plugin userauth (category:base,tabindex:14)
2025-09-16 13:25:15,602 [INFO] PluginManage:283 - PluginManage : Loaded plugins [18]
2025-09-16 13:25:15,845 [INFO] PinOutPanel:1589 - setPackage(No Configuration,No Configuration)
2025-09-16 13:25:15,938 [INFO] CADModel:165 - CPN selected for project level
2025-09-16 13:25:15,938 [INFO] CADModel:114 - Register for checkConnection events
2025-09-16 13:25:15,959 [INFO] IPUIPlugin:80 - create IPUIPlugin
2025-09-16 13:25:15,959 [INFO] PluginManager:220 - loadIPPluginJar : add adc
2025-09-16 13:25:15,962 [INFO] IPUIPlugin:80 - create IPUIPlugin
2025-09-16 13:25:15,962 [INFO] PluginManager:220 - loadIPPluginJar : add aes
2025-09-16 13:25:15,965 [INFO] IPUIPlugin:80 - create IPUIPlugin
2025-09-16 13:25:15,965 [INFO] PluginManager:220 - loadIPPluginJar : add can
2025-09-16 13:25:15,967 [INFO] IPUIPlugin:80 - create IPUIPlugin
2025-09-16 13:25:15,967 [INFO] PluginManager:220 - loadIPPluginJar : add comp
2025-09-16 13:25:15,971 [INFO] IPUIPlugin:80 - create IPUIPlugin
2025-09-16 13:25:15,971 [INFO] PluginManager:220 - loadIPPluginJar : add cryp
2025-09-16 13:25:15,976 [INFO] IPUIPlugin:80 - create IPUIPlugin
2025-09-16 13:25:15,976 [INFO] PluginManager:220 - loadIPPluginJar : add ddr_ctrl_phy
2025-09-16 13:25:15,979 [INFO] IPUIPlugin:80 - create IPUIPlugin
2025-09-16 13:25:15,979 [INFO] PluginManager:220 - loadIPPluginJar : add dfsdm
2025-09-16 13:25:15,984 [INFO] IPUIPlugin:80 - create IPUIPlugin
2025-09-16 13:25:15,985 [INFO] PluginManager:220 - loadIPPluginJar : add dma
2025-09-16 13:25:15,989 [INFO] IPUIPlugin:80 - create IPUIPlugin
2025-09-16 13:25:15,989 [INFO] PluginManager:220 - loadIPPluginJar : add dma3
2025-09-16 13:25:15,992 [INFO] IPUIPlugin:80 - create IPUIPlugin
2025-09-16 13:25:15,992 [INFO] PluginManager:220 - loadIPPluginJar : add extmemmanager
2025-09-16 13:25:15,994 [INFO] IPUIPlugin:80 - create IPUIPlugin
2025-09-16 13:25:15,994 [INFO] PluginManager:220 - loadIPPluginJar : add fatfs
2025-09-16 13:25:15,999 [INFO] IPUIPlugin:80 - create IPUIPlugin
2025-09-16 13:25:15,999 [INFO] PluginManager:220 - loadIPPluginJar : add fmc
2025-09-16 13:25:16,007 [INFO] IPUIPlugin:80 - create IPUIPlugin
2025-09-16 13:25:16,007 [INFO] PluginManager:220 - loadIPPluginJar : add freertos
2025-09-16 13:25:16,009 [INFO] IPUIPlugin:80 - create IPUIPlugin
2025-09-16 13:25:16,009 [INFO] PluginManager:220 - loadIPPluginJar : add genericplugin
2025-09-16 13:25:16,012 [INFO] IPUIPlugin:80 - create IPUIPlugin
2025-09-16 13:25:16,012 [INFO] PluginManager:220 - loadIPPluginJar : add gfxmmu
2025-09-16 13:25:16,018 [INFO] IPUIPlugin:80 - create IPUIPlugin
2025-09-16 13:25:16,018 [INFO] PluginManager:220 - loadIPPluginJar : add gic
2025-09-16 13:25:16,022 [INFO] IPUIPlugin:80 - create IPUIPlugin
2025-09-16 13:25:16,022 [INFO] PluginManager:220 - loadIPPluginJar : add gpio
2025-09-16 13:25:16,025 [INFO] IPUIPlugin:80 - create IPUIPlugin
2025-09-16 13:25:16,025 [INFO] PluginManager:220 - loadIPPluginJar : add gtzc
2025-09-16 13:25:16,029 [INFO] IPUIPlugin:80 - create IPUIPlugin
2025-09-16 13:25:16,029 [INFO] PluginManager:220 - loadIPPluginJar : add hash
2025-09-16 13:25:16,032 [INFO] IPUIPlugin:80 - create IPUIPlugin
2025-09-16 13:25:16,033 [INFO] PluginManager:220 - loadIPPluginJar : add i2c
2025-09-16 13:25:16,036 [INFO] IPUIPlugin:80 - create IPUIPlugin
2025-09-16 13:25:16,036 [INFO] PluginManager:220 - loadIPPluginJar : add i2s
2025-09-16 13:25:16,040 [INFO] IPUIPlugin:80 - create IPUIPlugin
2025-09-16 13:25:16,040 [INFO] PluginManager:220 - loadIPPluginJar : add i3c
2025-09-16 13:25:16,045 [INFO] IPUIPlugin:80 - create IPUIPlugin
2025-09-16 13:25:16,045 [INFO] PluginManager:220 - loadIPPluginJar : add ipddr
2025-09-16 13:25:16,053 [INFO] IPUIPlugin:80 - create IPUIPlugin
2025-09-16 13:25:16,053 [INFO] PluginManager:220 - loadIPPluginJar : add linkedlist
2025-09-16 13:25:16,057 [INFO] IPUIPlugin:80 - create IPUIPlugin
2025-09-16 13:25:16,057 [INFO] PluginManager:220 - loadIPPluginJar : add lorawan
2025-09-16 13:25:16,059 [INFO] IPUIPlugin:80 - create IPUIPlugin
2025-09-16 13:25:16,059 [INFO] PluginManager:220 - loadIPPluginJar : add ltdc
2025-09-16 13:25:16,065 [INFO] IPUIPlugin:80 - create IPUIPlugin
2025-09-16 13:25:16,065 [INFO] PluginManager:220 - loadIPPluginJar : add mdma
2025-09-16 13:25:16,070 [INFO] IPUIPlugin:80 - create IPUIPlugin
2025-09-16 13:25:16,070 [INFO] PluginManager:220 - loadIPPluginJar : add nvic
2025-09-16 13:25:16,077 [INFO] IPUIPlugin:80 - create IPUIPlugin
2025-09-16 13:25:16,077 [INFO] PluginManager:220 - loadIPPluginJar : add opamp
2025-09-16 13:25:16,081 [INFO] IPUIPlugin:80 - create IPUIPlugin
2025-09-16 13:25:16,082 [INFO] PluginManager:220 - loadIPPluginJar : add openamp
2025-09-16 13:25:16,085 [INFO] IPUIPlugin:80 - create IPUIPlugin
2025-09-16 13:25:16,085 [INFO] PluginManager:220 - loadIPPluginJar : add pdm2pcm
2025-09-16 13:25:16,092 [INFO] IPUIPlugin:80 - create IPUIPlugin
2025-09-16 13:25:16,094 [INFO] PluginManager:220 - loadIPPluginJar : add plateformsettings
2025-09-16 13:25:16,096 [INFO] IPUIPlugin:80 - create IPUIPlugin
2025-09-16 13:25:16,096 [INFO] PluginManager:220 - loadIPPluginJar : add quadspi
2025-09-16 13:25:16,098 [INFO] IPUIPlugin:80 - create IPUIPlugin
2025-09-16 13:25:16,099 [INFO] PluginManager:220 - loadIPPluginJar : add radio
2025-09-16 13:25:16,104 [INFO] IPUIPlugin:80 - create IPUIPlugin
2025-09-16 13:25:16,104 [INFO] PluginManager:220 - loadIPPluginJar : add resmgrutility
2025-09-16 13:25:16,109 [INFO] IPUIPlugin:80 - create IPUIPlugin
2025-09-16 13:25:16,109 [INFO] PluginManager:220 - loadIPPluginJar : add sai
2025-09-16 13:25:16,112 [INFO] IPUIPlugin:80 - create IPUIPlugin
2025-09-16 13:25:16,113 [INFO] PluginManager:220 - loadIPPluginJar : add spi
2025-09-16 13:25:16,120 [INFO] IPUIPlugin:80 - create IPUIPlugin
2025-09-16 13:25:16,120 [INFO] PluginManager:220 - loadIPPluginJar : add stm32_wpan
2025-09-16 13:25:16,122 [INFO] IPUIPlugin:80 - create IPUIPlugin
2025-09-16 13:25:16,122 [INFO] PluginManager:220 - loadIPPluginJar : add tim
2025-09-16 13:25:16,129 [INFO] IPUIPlugin:80 - create IPUIPlugin
2025-09-16 13:25:16,129 [INFO] PluginManager:220 - loadIPPluginJar : add touchsensing
2025-09-16 13:25:16,132 [INFO] IPUIPlugin:80 - create IPUIPlugin
2025-09-16 13:25:16,132 [INFO] PluginManager:220 - loadIPPluginJar : add tracer_emb
2025-09-16 13:25:16,136 [INFO] IPUIPlugin:80 - create IPUIPlugin
2025-09-16 13:25:16,137 [INFO] PluginManager:220 - loadIPPluginJar : add ts
2025-09-16 13:25:16,138 [INFO] IPUIPlugin:80 - create IPUIPlugin
2025-09-16 13:25:16,138 [INFO] PluginManager:220 - loadIPPluginJar : add tsc
2025-09-16 13:25:16,141 [INFO] IPUIPlugin:80 - create IPUIPlugin
2025-09-16 13:25:16,141 [INFO] PluginManager:220 - loadIPPluginJar : add ucpd
2025-09-16 13:25:16,145 [INFO] IPUIPlugin:80 - create IPUIPlugin
2025-09-16 13:25:16,145 [INFO] PluginManager:220 - loadIPPluginJar : add usart
2025-09-16 13:25:16,148 [INFO] IPUIPlugin:80 - create IPUIPlugin
2025-09-16 13:25:16,149 [INFO] PluginManager:220 - loadIPPluginJar : add usbx
2025-09-16 13:25:16,278 [FATAL] Updater:351 - Updater called before beeing initialized
2025-09-16 13:25:16,316 [INFO] RulesReader:64 - Compatibility file has been processed (317 Rules)
2025-09-16 13:25:16,332 [INFO] RulesReader:64 - Compatibility file has been processed (317 Rules)
2025-09-16 13:25:16,341 [INFO] CADModel:165 - CPN selected for project level
2025-09-16 13:25:16,341 [INFO] CADModel:114 - Register for checkConnection events
2025-09-16 13:25:16,342 [FATAL] Updater:351 - Updater called before beeing initialized
2025-09-16 13:25:16,342 [ERROR] CADModel:125 - Updater not yet initialized, retry later 
2025-09-16 13:25:16,536 [FATAL] Updater:351 - Updater called before beeing initialized
2025-09-16 13:25:16,539 [INFO] CADModel:165 - CPN selected for project level
2025-09-16 13:25:16,539 [INFO] CADModel:114 - Register for checkConnection events
2025-09-16 13:25:16,539 [FATAL] Updater:351 - Updater called before beeing initialized
2025-09-16 13:25:16,539 [ERROR] CADModel:125 - Updater not yet initialized, retry later 
2025-09-16 13:25:16,542 [FATAL] Updater:351 - Updater called before beeing initialized
2025-09-16 13:25:16,651 [FATAL] Updater:351 - Updater called before beeing initialized
2025-09-16 13:25:16,655 [INFO] DbMcusAds:53 - JSON generation date=Tue Jul 08 13:44:23 IST 2025 (1751962463582)
2025-09-16 13:25:16,655 [FATAL] Updater:351 - Updater called before beeing initialized
2025-09-16 13:25:16,702 [WARN] DetailPanel:346 - Failed to get advertising image, set to default
2025-09-16 13:25:16,796 [FATAL] Updater:351 - Updater called before beeing initialized
2025-09-16 13:25:16,798 [FATAL] Updater:351 - Updater called before beeing initialized
2025-09-16 13:25:16,798 [FATAL] Updater:351 - Updater called before beeing initialized
2025-09-16 13:25:16,798 [WARN] DetailPanel:346 - Failed to get advertising image, set to default
2025-09-16 13:25:16,799 [FATAL] Updater:351 - Updater called before beeing initialized
2025-09-16 13:25:16,854 [ERROR] Updater:1198 - MainUpdater not yet initialized. External WinMGr cannot be set.
2025-09-16 13:25:16,856 [INFO] Updater:1134 - Updater Version found : 6.15.0
2025-09-16 13:25:16,875 [INFO] ApplicationProperties:184 - Using Application install path: C:\ST\STM32CubeIDE_1.19.0\STM32CubeIDE\plugins\com.st.stm32cube.common.mx_6.15.0.202507011659
2025-09-16 13:25:18,292 [INFO] ThirdPartyUpdaterWithRetryManager:70 - Updater plugin not ready yet. [2/15]
2025-09-16 13:25:18,467 [ERROR] LogOutputStream:75 - [STDERR_REDIRECT] Sep 16, 2025 1:25:18 PM java.util.prefs.WindowsPreferences <init>
2025-09-16 13:25:18,469 [ERROR] LogOutputStream:75 - [STDERR_REDIRECT] WARNING: Could not open/create prefs root node Software\JavaSoft\Prefs at root 0xffffffff80000002. Windows RegCreateKeyEx(...) returned error code 5.
2025-09-16 13:25:18,469 [ERROR] LogOutputStream:75 - [STDERR_REDIRECT] 
2025-09-16 13:25:19,013 [INFO] MainUpdater:2872 - connection check result : 10
2025-09-16 13:25:19,014 [INFO] MainUpdater:289 - Updater Check For Update Now.
2025-09-16 13:25:19,014 [INFO] MicroXplorer:498 - Change Database Version : DB.6.0.150
2025-09-16 13:25:19,024 [INFO] McuFinderGlobals:63 - Set McuFinder mode to 2 (CubeIDE integrated)
2025-09-16 13:25:19,025 [INFO] UserAuth:487 - Internet connection configuration mode: 1
2025-09-16 13:25:19,070 [INFO] JxBrowserEngine:152 - Initiate JxBrowser Engine with user profile folder
2025-09-16 13:25:19,234 [INFO] CheckServerUpdateThread:120 - End of CheckServer Thread
2025-09-16 13:25:21,372 [INFO] WebApp:169 - Instantiating new browser for Auth
2025-09-16 13:25:21,869 [WARN] PackLoader:240 - Cannot read IP mode file for STMicroelectronics.FP-SNS-MOTENVWB1.1.4.0
2025-09-16 13:25:21,883 [WARN] PackLoader:240 - Cannot read IP mode file for STMicroelectronics.FP-ATR-ASTRA1.2.0.2
2025-09-16 13:25:21,898 [WARN] PackLoader:240 - Cannot read IP mode file for STMicroelectronics.X-CUBE-SMBUS.2.1.0
2025-09-16 13:25:21,905 [WARN] PackLoader:240 - Cannot read IP mode file for STMicroelectronics.X-CUBE-ST60.1.0.0
2025-09-16 13:25:21,945 [WARN] PackLoader:240 - Cannot read IP mode file for STMicroelectronics.X-CUBE-AZRTOS-F7.1.1.0
2025-09-16 13:25:21,966 [WARN] PackLoader:240 - Cannot read IP mode file for WES.I-CUBE-Cesium.1.4.0
2025-09-16 13:25:22,000 [WARN] PackLoader:240 - Cannot read IP mode file for Infineon.AIROC-Wi-Fi-Bluetooth-STM32.1.7.1
2025-09-16 13:25:22,048 [WARN] PackLoader:240 - Cannot read IP mode file for STMicroelectronics.X-CUBE-AZRTOS-H7.3.4.0
2025-09-16 13:25:22,064 [WARN] PackLoader:240 - Cannot read IP mode file for STMicroelectronics.X-CUBE-DISPLAY.3.0.0
2025-09-16 13:25:22,083 [WARN] PackLoader:240 - Cannot read IP mode file for STMicroelectronics.X-CUBE-NFC10.1.0.0
2025-09-16 13:25:22,093 [WARN] PackLoader:240 - Cannot read IP mode file for emotas.I-CUBE-CANOPEN.1.3.0
2025-09-16 13:25:22,103 [WARN] PackLoader:240 - Cannot read IP mode file for STMicroelectronics.FP-SNS-STBOX1.2.1.0
2025-09-16 13:25:22,111 [WARN] PackLoader:240 - Cannot read IP mode file for STMicroelectronics.FP-SNS-SMARTAG2.1.2.0
2025-09-16 13:25:22,118 [WARN] PackLoader:240 - Cannot read IP mode file for STMicroelectronics.FP-SNS-FLIGHT1.5.1.0
2025-09-16 13:25:22,131 [INFO] LogOutputStream:77 - [STDOUT_REDIRECT] 1 : Invalid condition id : UX_CORESTACK_Condition cause : null
2025-09-16 13:25:22,132 [INFO] LogOutputStream:77 - [STDOUT_REDIRECT] 1 : Invalid condition id : UX_CORESTACK_Condition cause : null
2025-09-16 13:25:22,133 [INFO] LogOutputStream:77 - [STDOUT_REDIRECT] 1 : Invalid condition id : UX_CORESTACK_Condition cause : null
2025-09-16 13:25:22,134 [INFO] LogOutputStream:77 - [STDOUT_REDIRECT] 1 : Invalid condition id : UX_CORESTACK_Condition cause : null
2025-09-16 13:25:22,135 [INFO] LogOutputStream:77 - [STDOUT_REDIRECT] 1 : Invalid condition id : UX_CORESTACK_Condition cause : null
2025-09-16 13:25:22,138 [WARN] PackLoader:240 - Cannot read IP mode file for STMicroelectronics.X-CUBE-AZRTOS-WL.2.0.0
2025-09-16 13:25:22,144 [WARN] PackLoader:240 - Cannot read IP mode file for STMicroelectronics.FP-SNS-MOTENV1.5.0.0
2025-09-16 13:25:22,152 [WARN] PackLoader:240 - Cannot read IP mode file for STMicroelectronics.X-CUBE-BLE2.3.3.0
2025-09-16 13:25:22,160 [WARN] PackLoader:240 - Cannot read IP mode file for STMicroelectronics.X-CUBE-NFC9.1.0.0
2025-09-16 13:25:22,167 [WARN] PackLoader:240 - Cannot read IP mode file for wolfSSL.I-CUBE-wolfSSL.5.8.2
2025-09-16 13:25:22,174 [WARN] PackLoader:240 - Cannot read IP mode file for STMicroelectronics.X-CUBE-BLE1.7.1.0
2025-09-16 13:25:22,178 [WARN] PackLoader:240 - Cannot read IP mode file for wolfSSL.I-CUBE-wolfMQTT.1.19.2
2025-09-16 13:25:22,184 [WARN] PackLoader:240 - Cannot read IP mode file for STMicroelectronics.X-CUBE-EEPRMA1.5.2.0
2025-09-16 13:25:22,200 [WARN] PackLoader:240 - Cannot read IP mode file for STMicroelectronics.X-CUBE-AZRTOS-G0.1.1.0
2025-09-16 13:25:22,208 [WARN] PackLoader:240 - Cannot read IP mode file for STMicroelectronics.X-CUBE-SAFEA1.1.2.2
2025-09-16 13:25:22,221 [WARN] PackLoader:240 - Cannot read IP mode file for STMicroelectronics.X-CUBE-NFC4.3.0.0
2025-09-16 13:25:22,231 [WARN] PackLoader:240 - Cannot read IP mode file for EmbeddedOffice.I-CUBE-FS-RTOS.1.0.1
2025-09-16 13:25:22,241 [WARN] PackLoader:240 - Cannot read IP mode file for STMicroelectronics.X-CUBE-WB05N.2.0.0
2025-09-16 13:25:22,246 [WARN] PackLoader:240 - Cannot read IP mode file for wolfSSL.I-CUBE-wolfTPM.3.8.0
2025-09-16 13:25:22,252 [WARN] PackLoader:240 - Cannot read IP mode file for STMicroelectronics.X-CUBE-TCPP.4.2.0
2025-09-16 13:25:22,258 [WARN] PackLoader:240 - Cannot read IP mode file for RealThread.X-CUBE-RT-Thread_Nano.4.1.1
2025-09-16 13:25:22,262 [WARN] PackLoader:240 - Cannot read IP mode file for STMicroelectronics.FP-ATR-SIGFOX1.3.2.0
2025-09-16 13:25:22,268 [WARN] PackLoader:240 - Cannot read IP mode file for ITTIA_DB.I-CUBE-ITTIADB.8.9.0
2025-09-16 13:25:22,276 [WARN] PackLoader:240 - Cannot read IP mode file for STMicroelectronics.X-CUBE-ST67W61.1.0.0
2025-09-16 13:25:22,281 [WARN] PackLoader:240 - Cannot read IP mode file for STMicroelectronics.X-CUBE-AI.10.2.0
2025-09-16 13:25:22,323 [WARN] PackLoader:240 - Cannot read IP mode file for SEGGER.I-CUBE-embOS.1.3.1
2025-09-16 13:25:22,373 [WARN] PackLoader:240 - Cannot read IP mode file for STMicroelectronics.X-CUBE-ALGOBUILD.1.4.0
2025-09-16 13:25:22,428 [WARN] PackLoader:240 - Cannot read IP mode file for STMicroelectronics.X-CUBE-MEMS1.11.3.0
2025-09-16 13:25:22,563 [WARN] PackLoader:240 - Cannot read IP mode file for STMicroelectronics.X-CUBE-PM33A1.1.0.0
2025-09-16 13:25:22,578 [WARN] PackLoader:240 - Cannot read IP mode file for STMicroelectronics.X-CUBE-AZRTOS-F4.1.1.0
2025-09-16 13:25:22,585 [WARN] PackLoader:240 - Cannot read IP mode file for Avnet-IotConnect.X-CUBE-IoTC-DA16k-PMOD.1.0.0
2025-09-16 13:25:22,590 [WARN] PackLoader:240 - Cannot read IP mode file for STMicroelectronics.X-CUBE-ISPU.2.1.0
2025-09-16 13:25:22,596 [WARN] PackLoader:240 - Cannot read IP mode file for STMicroelectronics.X-CUBE-NFC12.1.0.0
2025-09-16 13:25:22,611 [WARN] PackLoader:240 - Cannot read IP mode file for STMicroelectronics.X-CUBE-AZRTOS-L5.2.0.0
2025-09-16 13:25:22,621 [WARN] PackLoader:240 - Cannot read IP mode file for STMicroelectronics.X-CUBE-NFC6.3.1.0
2025-09-16 13:25:22,634 [WARN] PackLoader:240 - Cannot read IP mode file for STMicroelectronics.X-CUBE-FREERTOS.1.3.1
2025-09-16 13:25:22,644 [WARN] PackLoader:240 - Cannot read IP mode file for STMicroelectronics.FP-SNS-STAIOTCFT.1.0.0
2025-09-16 13:25:22,651 [WARN] PackLoader:240 - Cannot read IP mode file for STMicroelectronics.X-CUBE-DPower.1.3.0
2025-09-16 13:25:22,675 [WARN] ConditionMgr:438 - getConditionDescription Invalid condition id : LAN8742 Phy interface Condition cause : null
2025-09-16 13:25:22,676 [WARN] PackLoader:240 - Cannot read IP mode file for STMicroelectronics.X-CUBE-AZRTOS-L4.2.0.0
2025-09-16 13:25:22,678 [WARN] ConditionMgr:1044 - genDependencies : Invalid condition id : LAN8742 Phy interface Condition cause : null
2025-09-16 13:25:22,678 [WARN] ConditionMgr:1044 - genDependencies : Invalid condition id : LAN8742 Phy interface Condition cause : null
2025-09-16 13:25:22,679 [WARN] ConditionMgr:1044 - genDependencies : Invalid condition id : LAN8742 Phy interface Condition cause : null
2025-09-16 13:25:22,692 [WARN] PackLoader:240 - Cannot read IP mode file for STMicroelectronics.X-CUBE-SFXS2LP1.4.0.0
2025-09-16 13:25:22,710 [WARN] PackLoader:240 - Cannot read IP mode file for STMicroelectronics.X-CUBE-BLEMGR.4.1.0
2025-09-16 13:25:22,763 [WARN] ConditionMgr:438 - getConditionDescription Invalid condition id : UX DEVICE CLASS RTOS Condition cause : null
2025-09-16 13:25:22,764 [WARN] ConditionMgr:438 - getConditionDescription Invalid condition id : UX DEVICE CLASS RTOS Condition cause : null
2025-09-16 13:25:22,773 [WARN] PackLoader:240 - Cannot read IP mode file for STMicroelectronics.X-CUBE-AZRTOS-WB.2.0.0
2025-09-16 13:25:22,775 [WARN] ConditionMgr:1044 - genDependencies : Invalid condition id : UX DEVICE CLASS RTOS Condition cause : null
2025-09-16 13:25:22,775 [WARN] ConditionMgr:1044 - genDependencies : Invalid condition id : UX DEVICE CLASS RTOS Condition cause : null
2025-09-16 13:25:22,778 [WARN] ConditionMgr:1044 - genDependencies : Invalid condition id : UX DEVICE CLASS RTOS Condition cause : null
2025-09-16 13:25:22,779 [WARN] ConditionMgr:1044 - genDependencies : Invalid condition id : UX DEVICE CLASS RTOS Condition cause : null
2025-09-16 13:25:22,779 [WARN] ConditionMgr:1044 - genDependencies : Invalid condition id : UX DEVICE CLASS RTOS Condition cause : null
2025-09-16 13:25:22,803 [WARN] PackLoader:240 - Cannot read IP mode file for STMicroelectronics.X-CUBE-GNSS1.7.0.1
2025-09-16 13:25:22,822 [WARN] PackLoader:240 - Cannot read IP mode file for STMicroelectronics.X-CUBE-TOUCHGFX.4.25.0
2025-09-16 13:25:22,841 [WARN] ConditionMgr:438 - getConditionDescription Invalid condition id : Cortex-A Device cause : null
2025-09-16 13:25:22,894 [WARN] ConditionMgr:1044 - genDependencies : Invalid condition id : Cortex-A Device cause : null
2025-09-16 13:25:22,894 [WARN] ConditionMgr:1044 - genDependencies : Invalid condition id : Cortex-A Device cause : null
2025-09-16 13:25:22,894 [WARN] ConditionMgr:1044 - genDependencies : Invalid condition id : Cortex-A Device cause : null
2025-09-16 13:25:22,914 [WARN] PackLoader:240 - Cannot read IP mode file for STMicroelectronics.X-CUBE-SUBG2.5.0.0
2025-09-16 13:25:22,951 [WARN] PackLoader:240 - Cannot read IP mode file for STMicroelectronics.X-CUBE-AZRTOS-H7RS.1.1.0
2025-09-16 13:25:22,965 [WARN] PackLoader:240 - Cannot read IP mode file for Cesanta.I-CUBE-Mongoose.7.13.0
2025-09-16 13:25:22,989 [WARN] PackLoader:240 - Cannot read IP mode file for STMicroelectronics.X-CUBE-AZRTOS-G4.2.0.0
2025-09-16 13:25:23,002 [WARN] PackLoader:240 - Cannot read IP mode file for wolfSSL.I-CUBE-wolfSSH.1.4.20
2025-09-16 13:25:23,012 [WARN] PackLoader:240 - Cannot read IP mode file for STMicroelectronics.X-CUBE-NFC7.2.0.0
2025-09-16 13:25:23,031 [INFO] WebApp:463 - Apply proxy settings
2025-09-16 13:25:23,031 [WARN] PackLoader:240 - Cannot read IP mode file for STMicroelectronics.X-CUBE-IPS.3.1.0
2025-09-16 13:25:23,032 [INFO] WebApp:548 - Chromium requires no authentication
2025-09-16 13:25:23,047 [WARN] PackLoader:240 - Cannot read IP mode file for STMicroelectronics.X-CUBE-ALS.1.0.2
2025-09-16 13:25:23,058 [WARN] PackLoader:240 - Cannot read IP mode file for STMicroelectronics.X-CUBE-STSE01.1.0.0
2025-09-16 13:25:23,059 [INFO] WebApp:491 - Direct internet connection detected
2025-09-16 13:25:23,076 [WARN] PackLoader:240 - Cannot read IP mode file for portGmbH.I-Cube-SoM-uGOAL.1.1.0
2025-09-16 13:25:23,092 [WARN] PackLoader:240 - Cannot read IP mode file for STMicroelectronics.X-CUBE-TOF1.3.4.3
2025-09-16 13:25:23,102 [INFO] ThirdParty:978 - Integrity check success = true
2025-09-16 13:25:23,102 [INFO] IntegrityCheckThread:100 - exiting critical section [integrity check]
2025-09-16 13:25:23,102 [INFO] IntegrityCheckThread:103 - End integrity checks thread
2025-09-16 13:25:23,131 [INFO] WebApp:900 - Register for checkConnection events
2025-09-16 13:25:23,131 [INFO] WebApp:463 - Apply proxy settings
2025-09-16 13:25:23,131 [INFO] WebApp:548 - Chromium requires no authentication
2025-09-16 13:25:23,132 [INFO] WebApp:491 - Direct internet connection detected
2025-09-16 13:25:23,357 [INFO] WebApp:191 - Connection restablished
2025-09-16 13:25:23,524 [INFO] WebApp:225 - Starting web application
2025-09-16 13:25:23,524 [INFO] WebApp:593 - Web application path used C:\ST\STM32CubeIDE_1.19.0\STM32CubeIDE\plugins\com.st.stm32cube.common.mx_6.15.0.202507011659\db\plugins\mcufinder\reactClient1\index.html
2025-09-16 13:25:23,771 [INFO] UserAuth:487 - Internet connection configuration mode: 1
2025-09-16 13:48:55,989 [INFO] WebApp:194 - Connection lost
2025-09-16 13:48:56,255 [INFO] WebApp:191 - Connection restablished
2025-09-16 14:33:39,522 [INFO] WebApp:194 - Connection lost
2025-09-16 14:33:40,102 [INFO] WebApp:191 - Connection restablished
2025-09-16 16:19:49,487 [INFO] WebApp:194 - Connection lost
2025-09-16 16:19:49,755 [INFO] WebApp:191 - Connection restablished
2025-09-16 16:21:08,966 [INFO] WebApp:194 - Connection lost
2025-09-16 16:21:09,199 [INFO] WebApp:191 - Connection restablished
2025-09-16 16:54:48,540 [INFO] WebApp:194 - Connection lost
2025-09-16 16:54:48,773 [INFO] WebApp:191 - Connection restablished
