2025-09-08 10:11:43,480 [INFO] WebApp:194 - Connection lost
2025-09-08 10:12:04,295 [INFO] WebApp:191 - Connection restablished
2025-09-08 10:12:06,241 [INFO] WebApp:194 - Connection lost
2025-09-08 10:12:06,422 [INFO] WebApp:191 - Connection restablished
2025-09-08 10:16:57,008 [INFO] NvicIntPanel:101 - NVIC parent = com.st.microxplorer.plugins.ip.nvic.MultiNvicIntPanel[,0,0,0x0,invalid,layout=javax.swing.BoxLayout,alignmentX=0.0,alignmentY=0.0,border=,flags=9,maximumSize=,minimumSize=,preferredSize=]
2025-09-08 10:17:00,105 [INFO] UtilMem:75 - End SaveConfig() Used Memory: 841684848 Bytes (943718400)
2025-09-08 10:17:00,832 [INFO] UtilMem:75 - End SaveConfig() Used Memory: 864231280 Bytes (943718400)
2025-09-08 10:17:02,772 [INFO] UtilMem:75 - End SaveConfig() Used Memory: 648337880 Bytes (1013972992)
2025-09-08 10:17:02,992 [INFO] BlockDiagram:2775 - set Specific Code input for plugin: SPI
2025-09-08 10:17:02,992 [INFO] BlockDiagram:2775 - set Specific Code input for plugin: IWDG
2025-09-08 10:17:02,992 [INFO] BlockDiagram:2775 - set Specific Code input for plugin: DAC
2025-09-08 10:17:02,992 [INFO] BlockDiagram:2775 - set Specific Code input for plugin: TIM1_8G4
2025-09-08 10:17:02,993 [INFO] BlockDiagram:2775 - set Specific Code input for plugin: TIM1_8G4
2025-09-08 10:17:02,993 [INFO] BlockDiagram:2775 - set Specific Code input for plugin: TIM1_8G4
2025-09-08 10:17:02,993 [INFO] BlockDiagram:2775 - set Specific Code input for plugin: TIM1_8G4
2025-09-08 10:17:02,993 [INFO] BlockDiagram:2775 - set Specific Code input for plugin: ADC
2025-09-08 10:17:02,993 [INFO] BlockDiagram:2775 - set Specific Code input for plugin: SYS
2025-09-08 10:17:02,993 [INFO] BlockDiagram:2775 - set Specific Code input for plugin: ADC
2025-09-08 10:17:02,993 [INFO] BlockDiagram:2775 - set Specific Code input for plugin: RCC
2025-09-08 10:17:02,993 [INFO] BlockDiagram:2775 - set Specific Code input for plugin: I2C
2025-09-08 10:17:02,993 [INFO] BlockDiagram:2775 - set Specific Code input for plugin: RTC
2025-09-08 10:17:02,993 [INFO] BlockDiagram:2775 - set Specific Code input for plugin: NVIC
2025-09-08 10:17:02,993 [INFO] BlockDiagram:2775 - set Specific Code input for plugin: USART
2025-09-08 10:17:02,993 [INFO] BlockDiagram:2775 - set Specific Code input for plugin: USART
2025-09-08 10:17:02,994 [INFO] BlockDiagram:2775 - set Specific Code input for plugin: UART
2025-09-08 10:17:02,994 [INFO] BlockDiagram:2775 - set Specific Code input for plugin: GPIO
2025-09-08 10:17:02,995 [INFO] CodeGenerator:892 - code generatio: config db path: C:\ST\STM32CubeIDE_1.19.0\STM32CubeIDE\plugins\com.st.stm32cube.common.mx_6.15.0.202507011659\\db\
2025-09-08 10:17:03,026 [WARN] IP:2250 - OutPut1 not found: check if there is a RefParameter without a condition.
2025-09-08 10:17:03,028 [WARN] IP:2250 - OutPut2 not found: check if there is a RefParameter without a condition.
2025-09-08 10:17:03,028 [WARN] IP:2250 - OutPut3 not found: check if there is a RefParameter without a condition.
2025-09-08 10:17:03,191 [INFO] CodeEngine:265 - oldGeneratedFile, E:\projects\DevelopmentLevelCode\LineMonitorUART\LineMonitorUART\MXTmpFiles\license.tmp_save
2025-09-08 10:17:03,576 [INFO] CodeEngine:289 - Generated code: E:\projects\DevelopmentLevelCode\LineMonitorUART\LineMonitorUART\MXTmpFiles\license.tmp
2025-09-08 10:17:03,710 [INFO] CodeEngine:265 - oldGeneratedFile, E:\projects\DevelopmentLevelCode\LineMonitorUART\LineMonitorUART\MXTmpFiles\gpio.tmp_save
2025-09-08 10:17:03,940 [INFO] CodeEngine:289 - Generated code: E:\projects\DevelopmentLevelCode\LineMonitorUART\LineMonitorUART\MXTmpFiles\gpio.tmp
2025-09-08 10:17:06,102 [INFO] CodeEngine:265 - oldGeneratedFile, E:\projects\DevelopmentLevelCode\LineMonitorUART\LineMonitorUART\Core\Src\stm32g4xx_it.c_save
2025-09-08 10:17:06,554 [INFO] CodeEngine:289 - Generated code: E:\projects\DevelopmentLevelCode\LineMonitorUART\LineMonitorUART\Core\Src\stm32g4xx_it.c
2025-09-08 10:17:06,561 [INFO] CodeEngine:265 - oldGeneratedFile, E:\projects\DevelopmentLevelCode\LineMonitorUART\LineMonitorUART\Core\Inc\stm32g4xx_it.h_save
2025-09-08 10:17:06,677 [INFO] CodeEngine:289 - Generated code: E:\projects\DevelopmentLevelCode\LineMonitorUART\LineMonitorUART\Core\Inc\stm32g4xx_it.h
2025-09-08 10:17:06,696 [INFO] CodeEngine:265 - oldGeneratedFile, E:\projects\DevelopmentLevelCode\LineMonitorUART\LineMonitorUART\Core\Src\stm32g4xx_hal_msp.c_save
2025-09-08 10:17:06,917 [INFO] CodeEngine:289 - Generated code: E:\projects\DevelopmentLevelCode\LineMonitorUART\LineMonitorUART\Core\Src\stm32g4xx_hal_msp.c
2025-09-08 10:17:06,923 [INFO] CodeEngine:265 - oldGeneratedFile, E:\projects\DevelopmentLevelCode\LineMonitorUART\LineMonitorUART\MXTmpFiles\system.tmp_save
2025-09-08 10:17:07,006 [INFO] CodeEngine:289 - Generated code: E:\projects\DevelopmentLevelCode\LineMonitorUART\LineMonitorUART\MXTmpFiles\system.tmp
2025-09-08 10:17:07,019 [INFO] CodeEngine:321 - oldGeneratedFile, E:\projects\DevelopmentLevelCode\LineMonitorUART\LineMonitorUART\Core\Inc\stm32g4xx_hal_conf.h_save
2025-09-08 10:17:07,111 [INFO] CodeEngine:345 - Generated code: E:\projects\DevelopmentLevelCode\LineMonitorUART\LineMonitorUART\Core\Inc\stm32g4xx_hal_conf.h
2025-09-08 10:17:07,131 [WARN] IPConfigManager:3238 - Warning: the RefConfig RCC_CommonPeriphClockConfig is not available in your config.xml file
2025-09-08 10:17:07,136 [WARN] IPConfigManager:3811 - IP not found : TIM
2025-09-08 10:17:07,137 [WARN] CodeGenerator:4259 - IP not found : null
2025-09-08 10:17:07,145 [INFO] CodeEngine:265 - oldGeneratedFile, E:\projects\DevelopmentLevelCode\LineMonitorUART\LineMonitorUART\Core\Inc\main.h_save
2025-09-08 10:17:07,262 [INFO] CodeEngine:289 - Generated code: E:\projects\DevelopmentLevelCode\LineMonitorUART\LineMonitorUART\Core\Inc\main.h
2025-09-08 10:17:07,267 [INFO] CodeEngine:265 - oldGeneratedFile, E:\projects\DevelopmentLevelCode\LineMonitorUART\LineMonitorUART\Core\Src\main.c_save
2025-09-08 10:17:07,507 [INFO] CodeEngine:289 - Generated code: E:\projects\DevelopmentLevelCode\LineMonitorUART\LineMonitorUART\Core\Src\main.c
2025-09-08 10:17:07,932 [INFO] ProjectBuilder:3606 - Time for Copy HAL[1] : 204mS.
2025-09-08 10:17:07,947 [INFO] ProjectBuilder:5216 - Project Generator version: 4.7.0-B52
2025-09-08 10:17:08,055 [INFO] ConfigFileManager:1595 - The Die is : DIE468
2025-09-08 10:17:09,186 [INFO] ProjectBuilder:5496 - Time for Generating toolchain IDE Files: 1239mS.
2025-09-08 10:17:09,187 [INFO] ProjectBuilder:3463 - Time for Copy CMSIS : 1mS.
2025-09-08 10:17:09,189 [INFO] ProjectBuilder:3463 - Time for Copy CMSIS : 0mS.
2025-09-08 10:18:52,241 [INFO] WebApp:194 - Connection lost
2025-09-08 10:18:52,602 [INFO] WebApp:191 - Connection restablished
2025-09-08 10:23:16,717 [INFO] MainUpdater:2872 - connection check result : 10
2025-09-08 10:23:16,717 [INFO] MainUpdater:2872 - connection check result : 10
2025-09-08 10:23:16,797 [INFO] I2cTimingTraitement:330 - 0x10C18DCC
2025-09-08 10:23:16,807 [INFO] MicroXplorer:468 - Change Database Path : 
2025-09-08 10:23:16,808 [INFO] MicroXplorer:498 - Change Database Version : DB.6.0.150
2025-09-08 10:23:16,833 [ERROR] ProjectManagerView:395 - 
java.lang.NullPointerException: Cannot invoke "javax.swing.JTextField.getText()" because the return value of "java.util.List.get(int)" is null
	at com.st.microxplorer.plugins.projectmanager.gui.ProjectChoiceTab$9.caretUpdate(ProjectChoiceTab.java:2706) ~[filemanager.jar:?]
	at javax.swing.text.JTextComponent.fireCaretUpdate(JTextComponent.java:408) ~[?:?]
	at javax.swing.text.JTextComponent$MutableCaretEvent.fire(JTextComponent.java:4484) ~[?:?]
	at javax.swing.text.JTextComponent$MutableCaretEvent.stateChanged(JTextComponent.java:4506) ~[?:?]
	at javax.swing.text.DefaultCaret.fireStateChanged(DefaultCaret.java:857) ~[?:?]
	at javax.swing.text.DefaultCaret.changeCaretPosition(DefaultCaret.java:1343) ~[?:?]
	at javax.swing.text.DefaultCaret.handleSetDot(DefaultCaret.java:1242) ~[?:?]
	at javax.swing.text.DefaultCaret.setDot(DefaultCaret.java:1223) ~[?:?]
	at javax.swing.text.DefaultCaret$Handler.insertUpdate(DefaultCaret.java:1819) ~[?:?]
	at javax.swing.text.AbstractDocument.fireInsertUpdate(AbstractDocument.java:227) ~[?:?]
	at javax.swing.text.AbstractDocument.handleInsertString(AbstractDocument.java:781) ~[?:?]
	at javax.swing.text.AbstractDocument.insertString(AbstractDocument.java:740) ~[?:?]
	at javax.swing.text.PlainDocument.insertString(PlainDocument.java:131) ~[?:?]
	at javax.swing.text.AbstractDocument.replace(AbstractDocument.java:699) ~[?:?]
	at javax.swing.text.JTextComponent.setText(JTextComponent.java:1725) ~[?:?]
	at com.st.microxplorer.plugins.projectmanager.gui.ProjectChoiceTab.createHeapStackFields(ProjectChoiceTab.java:993) ~[filemanager.jar:?]
	at com.st.microxplorer.plugins.projectmanager.gui.ProjectChoiceTab.buildLinkSettingsPanel(ProjectChoiceTab.java:3813) ~[filemanager.jar:?]
	at com.st.microxplorer.plugins.projectmanager.gui.ProjectChoiceTab.defineWindowsFields(ProjectChoiceTab.java:1987) ~[filemanager.jar:?]
	at com.st.microxplorer.plugins.projectmanager.gui.ProjectChoiceTab.updateSettings(ProjectChoiceTab.java:558) ~[filemanager.jar:?]
	at com.st.microxplorer.plugins.projectmanager.gui.ProjectSettingsPanel.UpdateDialog(ProjectSettingsPanel.java:247) ~[filemanager.jar:?]
	at com.st.microxplorer.plugins.projectmanager.ProjectManagerView.propertyChange(ProjectManagerView.java:392) ~[filemanager.jar:?]
	at java.beans.PropertyChangeSupport.fire(PropertyChangeSupport.java:343) ~[?:?]
	at java.beans.PropertyChangeSupport.firePropertyChange(PropertyChangeSupport.java:335) ~[?:?]
	at java.beans.PropertyChangeSupport.firePropertyChange(PropertyChangeSupport.java:268) ~[?:?]
	at com.st.microxplorer.util.MXPropertyChangeSupport.firePropertyChange(MXPropertyChangeSupport.java:54) ~[STM32CubeMX.jar:?]
	at com.st.microxplorer.mxsystem.MxSystem.closeConfig(MxSystem.java:899) ~[STM32CubeMX.jar:?]
	at com.st.microxplorer.maingui.MainPanel.closeConfig(MainPanel.java:792) ~[STM32CubeMX.jar:?]
	at com.st.microxplorer.plugins.filemanager.engine.OpenFileManager.loadConfigurationFile(OpenFileManager.java:288) ~[filemanager.jar:?]
	at com.st.microxplorer.plugins.filemanager.engine.MainFileManager.userLoadConfig(MainFileManager.java:364) ~[filemanager.jar:?]
	at com.st.microxplorer.plugins.filemanager.engine.MainFileManager.userLoadConfig(MainFileManager.java:342) ~[filemanager.jar:?]
	at com.st.microxplorer.plugins.filemanager.FileManagerView.getSpecificTask(FileManagerView.java:264) ~[filemanager.jar:?]
	at com.st.stm32cube.common.mx.editor.CubeMxEditor.getMxTabbedPaneInstance(CubeMxEditor.java:1198) ~[com.st.stm32cube.common.mx_6.15.0.202507011659/:?]
	at com.st.stm32cube.common.mx.editor.CubeMxEditor$12$1.createSwingComponent(CubeMxEditor.java:1068) ~[com.st.stm32cube.common.mx_6.15.0.202507011659/:?]
	at com.st.stm32cube.common.mx.oss.core.awtswtbridge.EmbeddedSwingComposite.doComponentCreation(EmbeddedSwingComposite.java:492) ~[com.st.stm32cube.common.mx.oss_6.15.0.202507011659/:?]
	at com.st.stm32cube.common.mx.oss.core.awtswtbridge.EmbeddedSwingComposite$4.run(EmbeddedSwingComposite.java:291) ~[com.st.stm32cube.common.mx.oss_6.15.0.202507011659/:?]
	at com.st.stm32cube.common.mx.oss.core.awtswtbridge.AwtEnvironment$2.run(AwtEnvironment.java:166) ~[com.st.stm32cube.common.mx.oss_6.15.0.202507011659/:?]
	at java.awt.event.InvocationEvent.dispatch(InvocationEvent.java:318) ~[?:?]
	at java.awt.EventQueue.dispatchEventImpl(EventQueue.java:773) ~[?:?]
	at java.awt.EventQueue$4.run(EventQueue.java:720) ~[?:?]
	at java.awt.EventQueue$4.run(EventQueue.java:714) ~[?:?]
	at java.security.AccessController.doPrivileged(AccessController.java:400) ~[?:?]
	at java.security.ProtectionDomain$JavaSecurityAccessImpl.doIntersectionPrivilege(ProtectionDomain.java:87) ~[?:?]
	at java.awt.EventQueue.dispatchEvent(EventQueue.java:742) ~[?:?]
	at java.awt.EventDispatchThread.pumpOneEventForFilters(EventDispatchThread.java:203) ~[?:?]
	at java.awt.EventDispatchThread.pumpEventsForFilter(EventDispatchThread.java:124) ~[?:?]
	at java.awt.EventDispatchThread.pumpEventsForHierarchy(EventDispatchThread.java:113) ~[?:?]
	at java.awt.EventDispatchThread.pumpEvents(EventDispatchThread.java:109) ~[?:?]
	at java.awt.EventDispatchThread.pumpEvents(EventDispatchThread.java:101) ~[?:?]
	at java.awt.EventDispatchThread.run(EventDispatchThread.java:90) ~[?:?]
2025-09-08 10:23:16,849 [WARN] ThirdParty:871 - waiting for thirdparty lock release [close project]
2025-09-08 10:23:16,849 [INFO] ThirdParty:873 - entering critical section [close project]
2025-09-08 10:23:16,849 [INFO] ThirdParty:883 - exiting critical section [close project]
2025-09-08 10:23:16,853 [INFO] PinOutPanel:1589 - setPackage(No Configuration,No Configuration)
2025-09-08 10:23:16,862 [INFO] UtilMem:75 - Begin LoadConfig() Used Memory: 500640768 Bytes (1058013184)
2025-09-08 10:23:16,863 [INFO] MicroXplorer:468 - Change Database Path : 
2025-09-08 10:23:16,863 [INFO] MicroXplorer:498 - Change Database Version : DB.6.0.150
2025-09-08 10:23:16,864 [INFO] OpenFileManager:355 - Change cursor
2025-09-08 10:23:16,896 [INFO] RulesReader:64 - Compatibility file has been processed (317 Rules)
2025-09-08 10:23:16,906 [INFO] Mcu:2029 - Initializing MCU STM32G431C(6-8-B)Ux STM32G431CBUx STM32G431CBU6
2025-09-08 10:23:20,672 [INFO] Context:786 - Trying to add GPIOservice into a context  which must be forbidden
2025-09-08 10:23:21,752 [INFO] ImportTextPane:234 - (OptionalMessage_ERROR) Pin44 (VP_RIF_VS_RIF1) cannot be retrieved for this MCU
2025-09-08 10:23:21,817 [INFO] RtosManager:558 - Registered RTOS mode: class=CMSIS, group=RTOS, mode=CMSIS_V1, owner=FREERTOS
2025-09-08 10:23:21,817 [INFO] RtosManager:558 - Registered RTOS mode: class=CMSIS, group=RTOS2, mode=CMSIS_V2, owner=FREERTOS
2025-09-08 10:23:21,817 [INFO] RtosManager:558 - Registered RTOS mode: class=RTOS, group=Core, mode=CMSIS_V1, owner=FREERTOS
2025-09-08 10:23:21,817 [INFO] RtosManager:558 - Registered RTOS mode: class=RTOS, group=Core, mode=CMSIS_V2, owner=FREERTOS
2025-09-08 10:23:21,817 [WARN] ModelIntegratedComponent:184 - Missing modes for component STMicroelectronics:FreeRTOS:0.0.1:STMicroelectronics:RTOS:FreeRTOS:Core:::10.2.0:
2025-09-08 10:23:21,844 [WARN] ModelIntegratedComponent:63 - No mode defined for component null
2025-09-08 10:23:21,845 [WARN] ModelIntegratedComponent:63 - No mode defined for component null
2025-09-08 10:23:21,845 [WARN] ModelIntegratedComponent:63 - No mode defined for component null
2025-09-08 10:23:21,845 [WARN] ModelIntegratedComponent:63 - No mode defined for component null
2025-09-08 10:23:21,845 [WARN] ModelIntegratedComponent:63 - No mode defined for component null
2025-09-08 10:23:21,845 [WARN] ModelIntegratedComponent:63 - No mode defined for component null
2025-09-08 10:23:21,845 [WARN] ModelIntegratedComponent:63 - No mode defined for component null
2025-09-08 10:23:21,845 [WARN] ModelIntegratedComponent:63 - No mode defined for component null
2025-09-08 10:23:21,845 [WARN] ModelIntegratedComponent:63 - No mode defined for component null
2025-09-08 10:23:21,845 [WARN] ModelIntegratedComponent:63 - No mode defined for component null
2025-09-08 10:23:21,845 [WARN] ModelIntegratedComponent:63 - No mode defined for component null
2025-09-08 10:23:21,845 [WARN] ModelIntegratedComponent:63 - No mode defined for component null
2025-09-08 10:23:21,845 [WARN] ModelIntegratedComponent:63 - No mode defined for component null
2025-09-08 10:23:21,845 [WARN] ModelIntegratedComponent:63 - No mode defined for component null
2025-09-08 10:23:21,845 [WARN] ModelIntegratedComponent:63 - No mode defined for component null
2025-09-08 10:23:21,845 [WARN] ModelIntegratedComponent:63 - No mode defined for component null
2025-09-08 10:23:21,845 [WARN] ModelIntegratedComponent:63 - No mode defined for component null
2025-09-08 10:23:21,845 [WARN] ModelIntegratedComponent:63 - No mode defined for component null
2025-09-08 10:23:21,845 [WARN] ModelIntegratedComponent:63 - No mode defined for component null
2025-09-08 10:23:21,845 [WARN] ModelIntegratedComponent:63 - No mode defined for component null
2025-09-08 10:23:21,845 [WARN] ModelIntegratedComponent:63 - No mode defined for component null
2025-09-08 10:23:21,845 [WARN] ModelIntegratedComponent:63 - No mode defined for component null
2025-09-08 10:23:21,845 [WARN] ModelIntegratedComponent:63 - No mode defined for component null
2025-09-08 10:23:21,845 [WARN] ModelIntegratedComponent:63 - No mode defined for component null
2025-09-08 10:23:21,845 [WARN] ModelIntegratedComponent:63 - No mode defined for component null
2025-09-08 10:23:21,845 [WARN] ModelIntegratedComponent:63 - No mode defined for component null
2025-09-08 10:23:21,845 [WARN] ModelIntegratedComponent:63 - No mode defined for component null
2025-09-08 10:23:21,846 [WARN] ModelIntegratedComponent:63 - No mode defined for component null
2025-09-08 10:23:21,846 [WARN] ModelIntegratedComponent:63 - No mode defined for component null
2025-09-08 10:23:21,846 [WARN] ModelIntegratedComponent:63 - No mode defined for component null
2025-09-08 10:23:21,846 [WARN] ModelIntegratedComponent:63 - No mode defined for component null
2025-09-08 10:23:21,846 [WARN] ModelIntegratedComponent:63 - No mode defined for component null
2025-09-08 10:23:21,846 [WARN] ModelIntegratedComponent:63 - No mode defined for component null
2025-09-08 10:23:21,846 [WARN] ModelIntegratedComponent:63 - No mode defined for component null
2025-09-08 10:23:21,846 [WARN] ModelIntegratedComponent:63 - No mode defined for component null
2025-09-08 10:23:21,846 [WARN] ModelPack:524 - Component already loaded: STMicroelectronics:HAL Drivers:0.0.0:STMicroelectronics:Device:STMicro_Driver:XSPI:HAL::0.0.1:HAL_XSPI
2025-09-08 10:23:22,076 [INFO] ThirdPartyModel:298 - Start build external matchings
2025-09-08 10:23:22,457 [INFO] ThirdPartyModel:316 - End build external matchings
2025-09-08 10:23:22,483 [INFO] ImportTextPane:234 - (OptionalMessage_ERROR) IP (ADC1) : Parameter (CommonPathInternal) has invalid value (ADC_CHANNEL_VREFINT|null|null|null)
2025-09-08 10:23:22,485 [INFO] ImportTextPane:234 - (OptionalMessage_ERROR) IP (ADC2) : Parameter (CommonPathInternal) has invalid value (null|null|null|null)
2025-09-08 10:23:22,488 [INFO] ImportTextPane:234 - (OptionalMessage_ERROR) IP (RCC) : Invalid parameter (FamilyName)
2025-09-08 10:23:22,489 [INFO] ImportTextPane:234 - (OptionalMessage_ERROR) IP (RCC) : Parameter (RNGFreq_Value) has invalid value (72000000)
2025-09-08 10:23:22,489 [INFO] ImportTextPane:234 - (OptionalMessage_ERROR) IP (RCC) : Parameter (USBFreq_Value) has invalid value (72000000)
2025-09-08 10:23:22,820 [INFO] UtilMem:75 - End LoadConfig() Used Memory: 912294384 Bytes (1061158912)
2025-09-08 10:23:22,871 [WARN] ThirdParty:833 - waiting for thirdparty lock release [change project]
2025-09-08 10:23:22,871 [INFO] ThirdParty:835 - entering critical section [change project]
2025-09-08 10:23:22,871 [INFO] ThirdParty:1030 - CMSIS Pack Vendor :STMicroelectronics X-CUBE-PM33A1 1.0.0
2025-09-08 10:23:22,871 [INFO] ThirdParty:1030 - CMSIS Pack Vendor :STMicroelectronics USBPD 4.1
2025-09-08 10:23:22,871 [INFO] ThirdParty:1030 - CMSIS Pack Vendor :STMicroelectronics X-CUBE-NFC9 1.0.0
2025-09-08 10:23:22,871 [INFO] ThirdParty:1030 - CMSIS Pack Vendor :STMicroelectronics USB_HOST 2.0.0
2025-09-08 10:23:22,871 [INFO] ThirdParty:1030 - CMSIS Pack Vendor :STMicroelectronics FP-SNS-MOTENVWB1 1.4.0
2025-09-08 10:23:22,871 [INFO] ThirdParty:1030 - CMSIS Pack Vendor :STMicroelectronics X-CUBE-AZRTOS-F4 1.1.0
2025-09-08 10:23:22,871 [INFO] ThirdParty:1030 - CMSIS Pack Vendor :STMicroelectronics LIBJPEG 8.0.0
2025-09-08 10:23:22,871 [INFO] ThirdParty:1030 - CMSIS Pack Vendor :STMicroelectronics FP-ATR-ASTRA1 2.0.2
2025-09-08 10:23:22,871 [INFO] ThirdParty:1030 - CMSIS Pack Vendor :wolfSSL I-CUBE-wolfSSL 5.8.2
2025-09-08 10:23:22,872 [INFO] ThirdParty:1030 - CMSIS Pack Vendor :STMicroelectronics X-CUBE-BLE1 7.1.0
2025-09-08 10:23:22,872 [INFO] ThirdParty:1030 - CMSIS Pack Vendor :Avnet-IotConnect X-CUBE-IoTC-DA16k-PMOD 1.0.0
2025-09-08 10:23:22,872 [INFO] ThirdParty:1030 - CMSIS Pack Vendor :STMicroelectronics X-CUBE-SMBUS 2.1.0
2025-09-08 10:23:22,872 [INFO] ThirdParty:1030 - CMSIS Pack Vendor :wolfSSL I-CUBE-wolfMQTT 1.19.2
2025-09-08 10:23:22,872 [INFO] ThirdParty:1030 - CMSIS Pack Vendor :STMicroelectronics USB_DEVICE 3.0.0
2025-09-08 10:23:22,872 [INFO] ThirdParty:1030 - CMSIS Pack Vendor :STMicroelectronics X-CUBE-ISPU 2.1.0
2025-09-08 10:23:22,872 [INFO] ThirdParty:1030 - CMSIS Pack Vendor :STMicroelectronics X-CUBE-EEPRMA1 5.2.0
2025-09-08 10:23:22,872 [INFO] ThirdParty:1030 - CMSIS Pack Vendor :STMicroelectronics X-CUBE-BLEMGR 4.1.0
2025-09-08 10:23:22,872 [INFO] ThirdParty:1030 - CMSIS Pack Vendor :STMicroelectronics X-CUBE-AZRTOS-WB 2.0.0
2025-09-08 10:23:22,872 [INFO] ThirdParty:1030 - CMSIS Pack Vendor :STMicroelectronics X-CUBE-ST60 1.0.0
2025-09-08 10:23:22,872 [INFO] ThirdParty:1030 - CMSIS Pack Vendor :STMicroelectronics X-CUBE-GNSS1 7.0.1
2025-09-08 10:23:22,872 [INFO] ThirdParty:1030 - CMSIS Pack Vendor :STMicroelectronics X-CUBE-NFC12 1.0.0
2025-09-08 10:23:22,872 [INFO] ThirdParty:1030 - CMSIS Pack Vendor :STMicroelectronics X-CUBE-AZRTOS-F7 1.1.0
2025-09-08 10:23:22,872 [INFO] ThirdParty:1030 - CMSIS Pack Vendor :STMicroelectronics X-CUBE-AZRTOS-L5 2.0.0
2025-09-08 10:23:22,872 [INFO] ThirdParty:1030 - CMSIS Pack Vendor :STMicroelectronics X-CUBE-TOUCHGFX 4.25.0
2025-09-08 10:23:22,872 [INFO] ThirdParty:1030 - CMSIS Pack Vendor :STMicroelectronics USB_DEVICE 2.0.0
2025-09-08 10:23:22,872 [INFO] ThirdParty:1030 - CMSIS Pack Vendor :STMicroelectronics X-CUBE-NFC6 3.1.0
2025-09-08 10:23:22,872 [INFO] ThirdParty:1030 - CMSIS Pack Vendor :quantropi X-CUBE-qispace-sdk-base 2.1.0
2025-09-08 10:23:22,872 [INFO] ThirdParty:1030 - CMSIS Pack Vendor :STMicroelectronics FreeRTOS 0.0.1
2025-09-08 10:23:22,872 [INFO] ThirdParty:1030 - CMSIS Pack Vendor :STMicroelectronics X-CUBE-AZRTOS-G0 1.1.0
2025-09-08 10:23:22,872 [INFO] ThirdParty:1030 - CMSIS Pack Vendor :STMicroelectronics X-CUBE-SAFEA1 1.2.2
2025-09-08 10:23:22,872 [INFO] ThirdParty:1030 - CMSIS Pack Vendor :STMicroelectronics X-CUBE-NFC4 3.0.0
2025-09-08 10:23:22,872 [INFO] ThirdParty:1030 - CMSIS Pack Vendor :STMicroelectronics X-CUBE-SUBG2 5.0.0
2025-09-08 10:23:22,872 [INFO] ThirdParty:1030 - CMSIS Pack Vendor :STMicroelectronics X-CUBE-AZRTOS-H7RS 1.1.0
2025-09-08 10:23:22,872 [INFO] ThirdParty:1030 - CMSIS Pack Vendor :STMicroelectronics STM32_WPAN 1.0.0
2025-09-08 10:23:22,872 [INFO] ThirdParty:1030 - CMSIS Pack Vendor :EmbeddedOffice I-CUBE-FS-RTOS 1.0.1
2025-09-08 10:23:22,872 [INFO] ThirdParty:1030 - CMSIS Pack Vendor :STMicroelectronics lwIP 2.0.3
2025-09-08 10:23:22,872 [INFO] ThirdParty:1030 - CMSIS Pack Vendor :WES I-CUBE-Cesium 1.4.0
2025-09-08 10:23:22,872 [INFO] ThirdParty:1030 - CMSIS Pack Vendor :Cesanta I-CUBE-Mongoose 7.13.0
2025-09-08 10:23:22,872 [INFO] ThirdParty:1030 - CMSIS Pack Vendor :STMicroelectronics USB_HOST 1.0.0
2025-09-08 10:23:22,872 [INFO] ThirdParty:1030 - CMSIS Pack Vendor :Infineon AIROC-Wi-Fi-Bluetooth-STM32 1.7.1
2025-09-08 10:23:22,872 [INFO] ThirdParty:1030 - CMSIS Pack Vendor :STMicroelectronics X-CUBE-AZRTOS-G4 2.0.0
2025-09-08 10:23:22,872 [INFO] ThirdParty:1030 - CMSIS Pack Vendor :STMicroelectronics X-CUBE-WB05N 2.0.0
2025-09-08 10:23:22,872 [INFO] ThirdParty:1030 - CMSIS Pack Vendor :STMicroelectronics PDM2PCM 3.1.0
2025-09-08 10:23:22,872 [INFO] ThirdParty:1030 - CMSIS Pack Vendor :STMicroelectronics PDM2PCM 3.3.0
2025-09-08 10:23:22,872 [INFO] ThirdParty:1030 - CMSIS Pack Vendor :wolfSSL I-CUBE-wolfTPM 3.8.0
2025-09-08 10:23:22,872 [INFO] ThirdParty:1030 - CMSIS Pack Vendor :STMicroelectronics X-CUBE-AZRTOS-H7 3.4.0
2025-09-08 10:23:22,872 [INFO] ThirdParty:1030 - CMSIS Pack Vendor :STMicroelectronics X-CUBE-DISPLAY 3.0.0
2025-09-08 10:23:22,872 [INFO] ThirdParty:1030 - CMSIS Pack Vendor :wolfSSL I-CUBE-wolfSSH 1.4.20
2025-09-08 10:23:22,872 [INFO] ThirdParty:1030 - CMSIS Pack Vendor :STMicroelectronics X-CUBE-NFC7 2.0.0
2025-09-08 10:23:22,872 [INFO] ThirdParty:1030 - CMSIS Pack Vendor :STMicroelectronics X-CUBE-TCPP 4.2.0
2025-09-08 10:23:22,872 [INFO] ThirdParty:1030 - CMSIS Pack Vendor :RealThread X-CUBE-RT-Thread_Nano 4.1.1
2025-09-08 10:23:22,872 [INFO] ThirdParty:1030 - CMSIS Pack Vendor :STMicroelectronics FP-ATR-SIGFOX1 3.2.0
2025-09-08 10:23:22,872 [INFO] ThirdParty:1030 - CMSIS Pack Vendor :STMicroelectronics X-CUBE-NFC10 1.0.0
2025-09-08 10:23:22,874 [INFO] ThirdParty:1030 - CMSIS Pack Vendor :STMicroelectronics X-CUBE-FREERTOS 1.3.1
2025-09-08 10:23:22,874 [INFO] ThirdParty:1030 - CMSIS Pack Vendor :STMicroelectronics HAL Drivers 0.0.0
2025-09-08 10:23:22,874 [INFO] ThirdParty:1030 - CMSIS Pack Vendor :STMicroelectronics MBEDTLS 2.16.2
2025-09-08 10:23:22,874 [INFO] ThirdParty:1030 - CMSIS Pack Vendor :STMicroelectronics X-CUBE-IPS 3.1.0
2025-09-08 10:23:22,874 [INFO] ThirdParty:1030 - CMSIS Pack Vendor :STMicroelectronics X-CUBE-ALS 1.0.2
2025-09-08 10:23:22,874 [INFO] ThirdParty:1030 - CMSIS Pack Vendor :emotas I-CUBE-CANOPEN 1.3.0
2025-09-08 10:23:22,874 [INFO] ThirdParty:1030 - CMSIS Pack Vendor :STMicroelectronics MBEDTLS 2.14.1
2025-09-08 10:23:22,874 [INFO] ThirdParty:1030 - CMSIS Pack Vendor :ITTIA_DB I-CUBE-ITTIADB 8.9.0
2025-09-08 10:23:22,874 [INFO] ThirdParty:1030 - CMSIS Pack Vendor :STMicroelectronics X-CUBE-STSE01 1.0.0
2025-09-08 10:23:22,874 [INFO] ThirdParty:1030 - CMSIS Pack Vendor :portGmbH I-Cube-SoM-uGOAL 1.1.0
2025-09-08 10:23:22,874 [INFO] ThirdParty:1030 - CMSIS Pack Vendor :STMicroelectronics X-CUBE-ST67W61 1.0.0
2025-09-08 10:23:22,874 [INFO] ThirdParty:1030 - CMSIS Pack Vendor :STMicroelectronics FP-SNS-STBOX1 2.1.0
2025-09-08 10:23:22,874 [INFO] ThirdParty:1030 - CMSIS Pack Vendor :STMicroelectronics X-CUBE-AI 10.2.0
2025-09-08 10:23:22,874 [INFO] ThirdParty:1030 - CMSIS Pack Vendor :STMicroelectronics FP-SNS-STAIOTCFT 1.0.0
2025-09-08 10:23:22,874 [INFO] ThirdParty:1030 - CMSIS Pack Vendor :STMicroelectronics ThreadX 1.0.0
2025-09-08 10:23:22,874 [INFO] ThirdParty:1030 - CMSIS Pack Vendor :STMicroelectronics FP-SNS-SMARTAG2 1.2.0
2025-09-08 10:23:22,874 [INFO] ThirdParty:1030 - CMSIS Pack Vendor :STMicroelectronics FP-SNS-FLIGHT1 5.1.0
2025-09-08 10:23:22,874 [INFO] ThirdParty:1030 - CMSIS Pack Vendor :STMicroelectronics X-CUBE-AZRTOS-WL 2.0.0
2025-09-08 10:23:22,874 [INFO] ThirdParty:1030 - CMSIS Pack Vendor :SEGGER I-CUBE-embOS 1.3.1
2025-09-08 10:23:22,874 [INFO] ThirdParty:1030 - CMSIS Pack Vendor :STMicroelectronics X-CUBE-ALGOBUILD 1.4.0
2025-09-08 10:23:22,874 [INFO] ThirdParty:1030 - CMSIS Pack Vendor :STMicroelectronics X-CUBE-DPower 1.3.0
2025-09-08 10:23:22,874 [INFO] ThirdParty:1030 - CMSIS Pack Vendor :STMicroelectronics X-CUBE-MEMS1 11.3.0
2025-09-08 10:23:22,874 [INFO] ThirdParty:1030 - CMSIS Pack Vendor :STMicroelectronics FP-SNS-MOTENV1 5.0.0
2025-09-08 10:23:22,874 [INFO] ThirdParty:1030 - CMSIS Pack Vendor :STMicroelectronics USB_DEVICE 1.0.0
2025-09-08 10:23:22,874 [INFO] ThirdParty:1030 - CMSIS Pack Vendor :STMicroelectronics X-CUBE-AZRTOS-L4 2.0.0
2025-09-08 10:23:22,874 [INFO] ThirdParty:1030 - CMSIS Pack Vendor :STMicroelectronics ThreadX 0.0.2
2025-09-08 10:23:22,874 [INFO] ThirdParty:1030 - CMSIS Pack Vendor :STMicroelectronics lwIP 2.1.2
2025-09-08 10:23:22,874 [INFO] ThirdParty:1030 - CMSIS Pack Vendor :STMicroelectronics X-CUBE-SFXS2LP1 4.0.0
2025-09-08 10:23:22,874 [INFO] ThirdParty:1030 - CMSIS Pack Vendor :STMicroelectronics X-CUBE-BLE2 3.3.0
2025-09-08 10:23:22,874 [INFO] ThirdParty:1030 - CMSIS Pack Vendor :STMicroelectronics X-CUBE-TOF1 3.4.3
2025-09-08 10:23:22,874 [INFO] ThirdParty:1030 - CMSIS Pack Vendor :STMicroelectronics PDM2PCM 3.2.0
2025-09-08 10:23:22,874 [INFO] ThirdParty:841 - exiting critical section [change project]
2025-09-08 10:23:23,162 [INFO] PinOutPanel:1589 - setPackage(No Configuration,No Configuration)
2025-09-08 10:23:23,163 [INFO] PinOutPanel:1589 - setPackage(STM32G431CBUx,UFQFPN48)
