2025-09-28 17:53:10,758 [INFO] WebApp:194 - Connection lost
2025-09-28 17:53:11,286 [INFO] WebApp:191 - Connection restablished
2025-09-28 17:53:12,454 [INFO] WebApp:194 - Connection lost
2025-09-28 17:53:12,659 [INFO] WebApp:191 - Connection restablished
2025-09-28 17:53:15,711 [INFO] WebApp:194 - Connection lost
2025-09-28 17:53:15,991 [INFO] WebApp:191 - Connection restablished
2025-09-28 17:53:18,632 [INFO] WebApp:194 - Connection lost
2025-09-28 17:53:18,877 [INFO] WebApp:191 - Connection restablished
2025-09-28 17:55:06,167 [INFO] WebApp:194 - Connection lost
2025-09-28 17:55:06,564 [INFO] WebApp:191 - Connection restablished
2025-09-28 18:44:25,300 [INFO] Activator:176 - 


2025-09-28 18:44:25,303 [INFO] Activator:177 - !SESSION log4j initialized
2025-09-28 18:44:43,413 [INFO] LogOutputStream:77 - [STDOUT_REDIRECT] 
2025-09-28 18:44:47,186 [INFO] ApplicationProperties:184 - Using Application install path: C:\ST\STM32CubeIDE_1.19.0\STM32CubeIDE\plugins\com.st.stm32cube.common.mx_6.15.0.202507011659
2025-09-28 18:44:47,221 [INFO] DbMcusXml:78 - Set database path to: C:\ST\STM32CubeIDE_1.19.0\STM32CubeIDE\plugins\com.st.stm32cube.common.mx_6.15.0.202507011659\\db\/mcu/
2025-09-28 18:44:47,222 [INFO] ApiDb:274 - Set plugin database path to: C:\ST\STM32CubeIDE_1.19.0\STM32CubeIDE\plugins\com.st.stm32cube.common.mx_6.15.0.202507011659\\db\/plugins/boardmanager/
2025-09-28 18:44:47,222 [WARN] ApiDb:259 - Overriding images path with different value:  => C:\ST\STM32CubeIDE_1.19.0\STM32CubeIDE\plugins\com.st.stm32cube.common.mx_6.15.0.202507011659\\db\/plugins/mcufinder/images/
2025-09-28 18:44:47,239 [INFO] ApiDb:250 - Set database path to: C:\Users\fervi\.stmcufinder\plugins\mcufinder//mcu/
2025-09-28 18:44:47,241 [INFO] DbMcusAds:125 - Set database path to: C:\Users\fervi\.stmcufinder\plugins\mcufinder//mcu/
2025-09-28 18:44:47,245 [INFO] CrossReferenceDbSqlite:203 - Set database path to: C:\Users\fervi\.stmcufinder\plugins\mcufinder//mcu/cs/
2025-09-28 18:44:47,435 [INFO] RulesReader:64 - Compatibility file has been processed (317 Rules)
2025-09-28 18:44:47,585 [INFO] DbMcusXml:78 - Set database path to: C:\ST\STM32CubeIDE_1.19.0\STM32CubeIDE\plugins\com.st.stm32cube.common.mx_6.15.0.202507011659\\db\/mcu/
2025-09-28 18:44:47,585 [INFO] ApiDb:274 - Set plugin database path to: C:\ST\STM32CubeIDE_1.19.0\STM32CubeIDE\plugins\com.st.stm32cube.common.mx_6.15.0.202507011659\\db\/plugins/boardmanager/
2025-09-28 18:44:47,585 [INFO] ApiDb:261 - Set plugin images path to: C:\ST\STM32CubeIDE_1.19.0\STM32CubeIDE\plugins\com.st.stm32cube.common.mx_6.15.0.202507011659\\db\/plugins/mcufinder/images/
2025-09-28 18:44:47,586 [WARN] DbFile:41 - Overriding database path with different value: C:\Users\fervi\.stmcufinder\plugins\mcufinder/ => C:\Users\fervi\.stmcufinder\plugins\mcufinder
2025-09-28 18:44:47,586 [INFO] ApiDb:250 - Set database path to: C:\Users\fervi\.stmcufinder\plugins\mcufinder//mcu/
2025-09-28 18:44:47,586 [WARN] DbFile:41 - Overriding database path with different value: C:\Users\fervi\.stmcufinder\plugins\mcufinder/ => C:\Users\fervi\.stmcufinder\plugins\mcufinder
2025-09-28 18:44:47,586 [INFO] DbMcusAds:125 - Set database path to: C:\Users\fervi\.stmcufinder\plugins\mcufinder//mcu/
2025-09-28 18:44:47,586 [WARN] DbFile:41 - Overriding database path with different value: C:\Users\fervi\.stmcufinder\plugins\mcufinder/ => C:\Users\fervi\.stmcufinder\plugins\mcufinder
2025-09-28 18:44:47,587 [WARN] DbFile:41 - Overriding database path with different value: C:\Users\fervi\.stmcufinder\plugins\mcufinder/ => C:\Users\fervi\.stmcufinder\plugins\mcufinder
2025-09-28 18:44:47,587 [INFO] CrossReferenceDbSqlite:203 - Set database path to: C:\Users\fervi\.stmcufinder\plugins\mcufinder//mcu/cs/
2025-09-28 18:44:47,712 [INFO] MainPanel:274 - HeapMemory: 268435456
2025-09-28 18:44:47,904 [INFO] DbMcusXml:78 - Set database path to: C:\ST\STM32CubeIDE_1.19.0\STM32CubeIDE\plugins\com.st.stm32cube.common.mx_6.15.0.202507011659\\db\/mcu/
2025-09-28 18:44:47,904 [INFO] ApiDb:274 - Set plugin database path to: C:\ST\STM32CubeIDE_1.19.0\STM32CubeIDE\plugins\com.st.stm32cube.common.mx_6.15.0.202507011659\\db\/plugins/boardmanager/
2025-09-28 18:44:47,905 [INFO] ApiDb:261 - Set plugin images path to: C:\ST\STM32CubeIDE_1.19.0\STM32CubeIDE\plugins\com.st.stm32cube.common.mx_6.15.0.202507011659\\db\/plugins/mcufinder/images/
2025-09-28 18:44:47,905 [WARN] DbFile:41 - Overriding database path with different value: C:\Users\fervi\.stmcufinder\plugins\mcufinder/ => C:\Users\fervi\.stmcufinder\plugins\mcufinder
2025-09-28 18:44:47,905 [INFO] ApiDb:250 - Set database path to: C:\Users\fervi\.stmcufinder\plugins\mcufinder//mcu/
2025-09-28 18:44:47,905 [WARN] DbFile:41 - Overriding database path with different value: C:\Users\fervi\.stmcufinder\plugins\mcufinder/ => C:\Users\fervi\.stmcufinder\plugins\mcufinder
2025-09-28 18:44:47,905 [INFO] DbMcusAds:125 - Set database path to: C:\Users\fervi\.stmcufinder\plugins\mcufinder//mcu/
2025-09-28 18:44:47,905 [WARN] DbFile:41 - Overriding database path with different value: C:\Users\fervi\.stmcufinder\plugins\mcufinder/ => C:\Users\fervi\.stmcufinder\plugins\mcufinder
2025-09-28 18:44:47,905 [WARN] DbFile:41 - Overriding database path with different value: C:\Users\fervi\.stmcufinder\plugins\mcufinder/ => C:\Users\fervi\.stmcufinder\plugins\mcufinder
2025-09-28 18:44:47,905 [INFO] CrossReferenceDbSqlite:203 - Set database path to: C:\Users\fervi\.stmcufinder\plugins\mcufinder//mcu/cs/
2025-09-28 18:44:47,933 [INFO] ApplicationProperties:184 - Using Application install path: C:\ST\STM32CubeIDE_1.19.0\STM32CubeIDE\plugins\com.st.stm32cube.common.mx_6.15.0.202507011659
2025-09-28 18:44:47,935 [INFO] PluginManage:196 - Search for loadable plugins [exclusion list=, ]
2025-09-28 18:44:47,937 [INFO] PluginManage:310 - Check plugin analytics
2025-09-28 18:44:48,202 [INFO] AnalyticsPlugin:253 - Accepted Software Licenses: 
2025-09-28 18:44:48,202 [INFO] AnalyticsPlugin:255 - Accepted CMSIS Pack Licenses: 
2025-09-28 18:44:48,202 [INFO] AnalyticsPlugin:257 - Accepted Firmware Licenses: FW.G0.1.6.0,FW.F4.1.28.0,FW.G4.1.6.0,FW.WL.1.3.0
2025-09-28 18:44:48,207 [INFO] PluginManage:359 - Loaded plugin analytics (category:tool,tabindex:-1)
2025-09-28 18:44:48,207 [INFO] PluginManage:310 - Check plugin cadmodel
2025-09-28 18:44:48,223 [INFO] CADModel:105 - Init CAD model plugin
2025-09-28 18:44:48,223 [INFO] PluginManage:359 - Loaded plugin cadmodel (category:power,tabindex:5)
2025-09-28 18:44:48,224 [INFO] PluginManage:310 - Check plugin clock
2025-09-28 18:44:48,240 [INFO] PluginManage:359 - Loaded plugin clock (category:base,tabindex:2)
2025-09-28 18:44:48,240 [INFO] PluginManage:310 - Check plugin ddr
2025-09-28 18:44:48,244 [INFO] PluginManage:359 - Loaded plugin ddr (category:tool,tabindex:6)
2025-09-28 18:44:48,245 [INFO] PluginManage:310 - Check plugin filemanager
2025-09-28 18:44:48,465 [INFO] PluginManage:359 - Loaded plugin filemanager (category:base,tabindex:10)
2025-09-28 18:44:48,465 [INFO] PluginManage:310 - Check plugin ipmanager
2025-09-28 18:44:48,474 [INFO] PluginManage:359 - Loaded plugin ipmanager (category:base,tabindex:5)
2025-09-28 18:44:48,474 [INFO] PluginManage:310 - Check plugin lpbam
2025-09-28 18:44:48,487 [INFO] PluginManage:359 - Loaded plugin lpbam (category:base,tabindex:0)
2025-09-28 18:44:48,487 [INFO] PluginManage:310 - Check plugin memorymap
2025-09-28 18:44:48,512 [INFO] PluginManage:359 - Loaded plugin memorymap (category:base,tabindex:4)
2025-09-28 18:44:48,512 [INFO] PluginManage:310 - Check plugin pinoutandconfiguration
2025-09-28 18:44:48,527 [INFO] PluginManage:359 - Loaded plugin pinoutandconfiguration (category:base,tabindex:1)
2025-09-28 18:44:48,527 [INFO] PluginManage:310 - Check plugin pinoutconfig
2025-09-28 18:44:48,677 [WARN] SupportedApi:132 - Cannot load RTOS API schema: s4s-elt-must-match.1: The content of 'definitions' must match (annotation?, (simpleType | complexType)?, (unique | key | keyref)*)). A problem was found starting at: attribute.
2025-09-28 18:44:48,906 [INFO] PluginManage:359 - Loaded plugin pinoutconfig (category:base,tabindex:0)
2025-09-28 18:44:48,907 [INFO] PluginManage:310 - Check plugin power
2025-09-28 18:44:48,923 [INFO] PluginManage:359 - Loaded plugin power (category:power,tabindex:4)
2025-09-28 18:44:48,923 [INFO] PluginManage:310 - Check plugin projectmanager
2025-09-28 18:44:48,945 [INFO] PluginManage:359 - Loaded plugin projectmanager (category:projectmanager,tabindex:4)
2025-09-28 18:44:48,946 [INFO] PluginManage:310 - Check plugin rif
2025-09-28 18:44:48,962 [INFO] PluginManage:359 - Loaded plugin rif (category:base,tabindex:3)
2025-09-28 18:44:48,962 [INFO] PluginManage:310 - Check plugin thirdparty
2025-09-28 18:44:49,216 [INFO] PluginManage:359 - Loaded plugin thirdparty (category:base,tabindex:-1)
2025-09-28 18:44:49,216 [INFO] PluginManage:310 - Check plugin tools
2025-09-28 18:44:49,219 [WARN] IntegrityCheckThread:84 - waiting for thirdparty lock release [integrity check]
2025-09-28 18:44:49,219 [INFO] IntegrityCheckThread:86 - entering critical section [integrity check]
2025-09-28 18:44:49,220 [INFO] ThirdPartyUpdaterWithRetryManager:70 - Updater plugin not ready yet. [1/15]
2025-09-28 18:44:49,223 [INFO] PluginManage:359 - Loaded plugin tools (category:base,tabindex:7)
2025-09-28 18:44:49,223 [INFO] PluginManage:310 - Check plugin tutovideos
2025-09-28 18:44:49,665 [INFO] PluginManage:359 - Loaded plugin tutovideos (category:base,tabindex:-1)
2025-09-28 18:44:49,665 [INFO] PluginManage:310 - Check plugin updater
2025-09-28 18:44:49,702 [INFO] PluginManage:359 - Loaded plugin updater (category:base,tabindex:12)
2025-09-28 18:44:49,702 [INFO] PluginManage:310 - Check plugin userauth
2025-09-28 18:44:49,710 [INFO] UserAuth:118 - Init User Auth plugin
2025-09-28 18:44:49,712 [INFO] PluginManage:359 - Loaded plugin userauth (category:base,tabindex:14)
2025-09-28 18:44:49,712 [INFO] PluginManage:283 - PluginManage : Loaded plugins [18]
2025-09-28 18:44:49,943 [ERROR] ConfigurationRetriever:142 - IOException on connection: Read timed out
2025-09-28 18:44:50,098 [INFO] PinOutPanel:1589 - setPackage(No Configuration,No Configuration)
2025-09-28 18:44:50,218 [INFO] CADModel:165 - CPN selected for project level
2025-09-28 18:44:50,218 [INFO] CADModel:114 - Register for checkConnection events
2025-09-28 18:44:50,240 [INFO] IPUIPlugin:80 - create IPUIPlugin
2025-09-28 18:44:50,240 [INFO] PluginManager:220 - loadIPPluginJar : add adc
2025-09-28 18:44:50,247 [INFO] IPUIPlugin:80 - create IPUIPlugin
2025-09-28 18:44:50,247 [INFO] PluginManager:220 - loadIPPluginJar : add aes
2025-09-28 18:44:50,251 [INFO] IPUIPlugin:80 - create IPUIPlugin
2025-09-28 18:44:50,251 [INFO] PluginManager:220 - loadIPPluginJar : add can
2025-09-28 18:44:50,254 [INFO] IPUIPlugin:80 - create IPUIPlugin
2025-09-28 18:44:50,254 [INFO] PluginManager:220 - loadIPPluginJar : add comp
2025-09-28 18:44:50,258 [INFO] IPUIPlugin:80 - create IPUIPlugin
2025-09-28 18:44:50,258 [INFO] PluginManager:220 - loadIPPluginJar : add cryp
2025-09-28 18:44:50,263 [INFO] IPUIPlugin:80 - create IPUIPlugin
2025-09-28 18:44:50,263 [INFO] PluginManager:220 - loadIPPluginJar : add ddr_ctrl_phy
2025-09-28 18:44:50,263 [INFO] IPUIPlugin:80 - create IPUIPlugin
2025-09-28 18:44:50,263 [INFO] PluginManager:220 - loadIPPluginJar : add dfsdm
2025-09-28 18:44:50,271 [INFO] IPUIPlugin:80 - create IPUIPlugin
2025-09-28 18:44:50,271 [INFO] PluginManager:220 - loadIPPluginJar : add dma
2025-09-28 18:44:50,276 [INFO] IPUIPlugin:80 - create IPUIPlugin
2025-09-28 18:44:50,276 [INFO] PluginManager:220 - loadIPPluginJar : add dma3
2025-09-28 18:44:50,281 [INFO] IPUIPlugin:80 - create IPUIPlugin
2025-09-28 18:44:50,281 [INFO] PluginManager:220 - loadIPPluginJar : add extmemmanager
2025-09-28 18:44:50,284 [INFO] IPUIPlugin:80 - create IPUIPlugin
2025-09-28 18:44:50,284 [INFO] PluginManager:220 - loadIPPluginJar : add fatfs
2025-09-28 18:44:50,288 [INFO] IPUIPlugin:80 - create IPUIPlugin
2025-09-28 18:44:50,288 [INFO] PluginManager:220 - loadIPPluginJar : add fmc
2025-09-28 18:44:50,299 [INFO] IPUIPlugin:80 - create IPUIPlugin
2025-09-28 18:44:50,299 [INFO] PluginManager:220 - loadIPPluginJar : add freertos
2025-09-28 18:44:50,301 [INFO] IPUIPlugin:80 - create IPUIPlugin
2025-09-28 18:44:50,301 [INFO] PluginManager:220 - loadIPPluginJar : add genericplugin
2025-09-28 18:44:50,305 [INFO] IPUIPlugin:80 - create IPUIPlugin
2025-09-28 18:44:50,305 [INFO] PluginManager:220 - loadIPPluginJar : add gfxmmu
2025-09-28 18:44:50,311 [INFO] IPUIPlugin:80 - create IPUIPlugin
2025-09-28 18:44:50,311 [INFO] PluginManager:220 - loadIPPluginJar : add gic
2025-09-28 18:44:50,316 [INFO] IPUIPlugin:80 - create IPUIPlugin
2025-09-28 18:44:50,316 [INFO] PluginManager:220 - loadIPPluginJar : add gpio
2025-09-28 18:44:50,318 [INFO] IPUIPlugin:80 - create IPUIPlugin
2025-09-28 18:44:50,318 [INFO] PluginManager:220 - loadIPPluginJar : add gtzc
2025-09-28 18:44:50,322 [INFO] IPUIPlugin:80 - create IPUIPlugin
2025-09-28 18:44:50,322 [INFO] PluginManager:220 - loadIPPluginJar : add hash
2025-09-28 18:44:50,326 [INFO] IPUIPlugin:80 - create IPUIPlugin
2025-09-28 18:44:50,326 [INFO] PluginManager:220 - loadIPPluginJar : add i2c
2025-09-28 18:44:50,326 [INFO] IPUIPlugin:80 - create IPUIPlugin
2025-09-28 18:44:50,326 [INFO] PluginManager:220 - loadIPPluginJar : add i2s
2025-09-28 18:44:50,334 [INFO] IPUIPlugin:80 - create IPUIPlugin
2025-09-28 18:44:50,334 [INFO] PluginManager:220 - loadIPPluginJar : add i3c
2025-09-28 18:44:50,342 [INFO] IPUIPlugin:80 - create IPUIPlugin
2025-09-28 18:44:50,342 [INFO] PluginManager:220 - loadIPPluginJar : add ipddr
2025-09-28 18:44:50,351 [INFO] IPUIPlugin:80 - create IPUIPlugin
2025-09-28 18:44:50,351 [INFO] PluginManager:220 - loadIPPluginJar : add linkedlist
2025-09-28 18:44:50,355 [INFO] IPUIPlugin:80 - create IPUIPlugin
2025-09-28 18:44:50,355 [INFO] PluginManager:220 - loadIPPluginJar : add lorawan
2025-09-28 18:44:50,357 [INFO] IPUIPlugin:80 - create IPUIPlugin
2025-09-28 18:44:50,357 [INFO] PluginManager:220 - loadIPPluginJar : add ltdc
2025-09-28 18:44:50,365 [INFO] IPUIPlugin:80 - create IPUIPlugin
2025-09-28 18:44:50,365 [INFO] PluginManager:220 - loadIPPluginJar : add mdma
2025-09-28 18:44:50,369 [INFO] IPUIPlugin:80 - create IPUIPlugin
2025-09-28 18:44:50,369 [INFO] PluginManager:220 - loadIPPluginJar : add nvic
2025-09-28 18:44:50,373 [INFO] IPUIPlugin:80 - create IPUIPlugin
2025-09-28 18:44:50,373 [INFO] PluginManager:220 - loadIPPluginJar : add opamp
2025-09-28 18:44:50,376 [INFO] IPUIPlugin:80 - create IPUIPlugin
2025-09-28 18:44:50,378 [INFO] PluginManager:220 - loadIPPluginJar : add openamp
2025-09-28 18:44:50,382 [INFO] IPUIPlugin:80 - create IPUIPlugin
2025-09-28 18:44:50,382 [INFO] PluginManager:220 - loadIPPluginJar : add pdm2pcm
2025-09-28 18:44:50,390 [INFO] IPUIPlugin:80 - create IPUIPlugin
2025-09-28 18:44:50,393 [INFO] PluginManager:220 - loadIPPluginJar : add plateformsettings
2025-09-28 18:44:50,393 [INFO] IPUIPlugin:80 - create IPUIPlugin
2025-09-28 18:44:50,395 [INFO] PluginManager:220 - loadIPPluginJar : add quadspi
2025-09-28 18:44:50,398 [INFO] IPUIPlugin:80 - create IPUIPlugin
2025-09-28 18:44:50,398 [INFO] PluginManager:220 - loadIPPluginJar : add radio
2025-09-28 18:44:50,403 [INFO] IPUIPlugin:80 - create IPUIPlugin
2025-09-28 18:44:50,403 [INFO] PluginManager:220 - loadIPPluginJar : add resmgrutility
2025-09-28 18:44:50,408 [INFO] IPUIPlugin:80 - create IPUIPlugin
2025-09-28 18:44:50,409 [INFO] PluginManager:220 - loadIPPluginJar : add sai
2025-09-28 18:44:50,412 [INFO] IPUIPlugin:80 - create IPUIPlugin
2025-09-28 18:44:50,412 [INFO] PluginManager:220 - loadIPPluginJar : add spi
2025-09-28 18:44:50,420 [INFO] IPUIPlugin:80 - create IPUIPlugin
2025-09-28 18:44:50,420 [INFO] PluginManager:220 - loadIPPluginJar : add stm32_wpan
2025-09-28 18:44:50,423 [INFO] IPUIPlugin:80 - create IPUIPlugin
2025-09-28 18:44:50,423 [INFO] PluginManager:220 - loadIPPluginJar : add tim
2025-09-28 18:44:50,427 [INFO] IPUIPlugin:80 - create IPUIPlugin
2025-09-28 18:44:50,427 [INFO] PluginManager:220 - loadIPPluginJar : add touchsensing
2025-09-28 18:44:50,429 [INFO] IPUIPlugin:80 - create IPUIPlugin
2025-09-28 18:44:50,431 [INFO] PluginManager:220 - loadIPPluginJar : add tracer_emb
2025-09-28 18:44:50,433 [INFO] IPUIPlugin:80 - create IPUIPlugin
2025-09-28 18:44:50,433 [INFO] PluginManager:220 - loadIPPluginJar : add ts
2025-09-28 18:44:50,435 [INFO] IPUIPlugin:80 - create IPUIPlugin
2025-09-28 18:44:50,435 [INFO] PluginManager:220 - loadIPPluginJar : add tsc
2025-09-28 18:44:50,435 [INFO] IPUIPlugin:80 - create IPUIPlugin
2025-09-28 18:44:50,435 [INFO] PluginManager:220 - loadIPPluginJar : add ucpd
2025-09-28 18:44:50,439 [INFO] IPUIPlugin:80 - create IPUIPlugin
2025-09-28 18:44:50,439 [INFO] PluginManager:220 - loadIPPluginJar : add usart
2025-09-28 18:44:50,446 [INFO] IPUIPlugin:80 - create IPUIPlugin
2025-09-28 18:44:50,446 [INFO] PluginManager:220 - loadIPPluginJar : add usbx
2025-09-28 18:44:50,587 [FATAL] Updater:351 - Updater called before beeing initialized
2025-09-28 18:44:50,648 [INFO] RulesReader:64 - Compatibility file has been processed (317 Rules)
2025-09-28 18:44:50,669 [INFO] RulesReader:64 - Compatibility file has been processed (317 Rules)
2025-09-28 18:44:50,681 [INFO] CADModel:165 - CPN selected for project level
2025-09-28 18:44:50,681 [INFO] CADModel:114 - Register for checkConnection events
2025-09-28 18:44:50,681 [FATAL] Updater:351 - Updater called before beeing initialized
2025-09-28 18:44:50,681 [ERROR] CADModel:125 - Updater not yet initialized, retry later 
2025-09-28 18:44:50,899 [FATAL] Updater:351 - Updater called before beeing initialized
2025-09-28 18:44:50,901 [INFO] CADModel:165 - CPN selected for project level
2025-09-28 18:44:50,901 [INFO] CADModel:114 - Register for checkConnection events
2025-09-28 18:44:50,901 [FATAL] Updater:351 - Updater called before beeing initialized
2025-09-28 18:44:50,901 [ERROR] CADModel:125 - Updater not yet initialized, retry later 
2025-09-28 18:44:50,905 [FATAL] Updater:351 - Updater called before beeing initialized
2025-09-28 18:44:51,055 [FATAL] Updater:351 - Updater called before beeing initialized
2025-09-28 18:44:51,055 [INFO] DbMcusAds:53 - JSON generation date=Tue Jul 08 13:44:23 IST 2025 (1751962463582)
2025-09-28 18:44:51,055 [FATAL] Updater:351 - Updater called before beeing initialized
2025-09-28 18:44:51,112 [WARN] DetailPanel:346 - Failed to get advertising image, set to default
2025-09-28 18:44:51,198 [FATAL] Updater:351 - Updater called before beeing initialized
2025-09-28 18:44:51,202 [FATAL] Updater:351 - Updater called before beeing initialized
2025-09-28 18:44:51,202 [FATAL] Updater:351 - Updater called before beeing initialized
2025-09-28 18:44:51,202 [WARN] DetailPanel:346 - Failed to get advertising image, set to default
2025-09-28 18:44:51,202 [FATAL] Updater:351 - Updater called before beeing initialized
2025-09-28 18:44:51,252 [ERROR] Updater:1198 - MainUpdater not yet initialized. External WinMGr cannot be set.
2025-09-28 18:44:51,261 [INFO] Updater:1134 - Updater Version found : 6.15.0
2025-09-28 18:44:51,280 [INFO] ApplicationProperties:184 - Using Application install path: C:\ST\STM32CubeIDE_1.19.0\STM32CubeIDE\plugins\com.st.stm32cube.common.mx_6.15.0.202507011659
2025-09-28 18:44:52,228 [INFO] ThirdPartyUpdaterWithRetryManager:70 - Updater plugin not ready yet. [2/15]
2025-09-28 18:44:52,890 [ERROR] LogOutputStream:75 - [STDERR_REDIRECT] Sep 28, 2025 6:44:52 PM java.util.prefs.WindowsPreferences <init>
2025-09-28 18:44:52,894 [ERROR] LogOutputStream:75 - [STDERR_REDIRECT] WARNING: Could not open/create prefs root node Software\JavaSoft\Prefs at root 0xffffffff80000002. Windows RegCreateKeyEx(...) returned error code 5.
2025-09-28 18:44:52,895 [ERROR] LogOutputStream:75 - [STDERR_REDIRECT] 
2025-09-28 18:44:54,210 [INFO] MainUpdater:2872 - connection check result : 10
2025-09-28 18:44:54,226 [INFO] MainUpdater:289 - Updater Check For Update Now.
2025-09-28 18:44:54,226 [INFO] MicroXplorer:498 - Change Database Version : DB.6.0.150
2025-09-28 18:44:54,236 [INFO] McuFinderGlobals:63 - Set McuFinder mode to 2 (CubeIDE integrated)
2025-09-28 18:44:54,238 [INFO] UserAuth:487 - Internet connection configuration mode: 1
2025-09-28 18:44:54,274 [INFO] JxBrowserEngine:152 - Initiate JxBrowser Engine with user profile folder
2025-09-28 18:44:54,480 [INFO] CheckServerUpdateThread:120 - End of CheckServer Thread
2025-09-28 18:44:55,858 [WARN] PackLoader:240 - Cannot read IP mode file for STMicroelectronics.FP-SNS-MOTENVWB1.1.4.0
2025-09-28 18:44:55,874 [WARN] PackLoader:240 - Cannot read IP mode file for STMicroelectronics.FP-ATR-ASTRA1.2.0.2
2025-09-28 18:44:55,894 [WARN] PackLoader:240 - Cannot read IP mode file for STMicroelectronics.X-CUBE-SMBUS.2.1.0
2025-09-28 18:44:55,901 [WARN] PackLoader:240 - Cannot read IP mode file for STMicroelectronics.X-CUBE-ST60.1.0.0
2025-09-28 18:44:55,950 [WARN] PackLoader:240 - Cannot read IP mode file for STMicroelectronics.X-CUBE-AZRTOS-F7.1.1.0
2025-09-28 18:44:55,957 [INFO] WebApp:169 - Instantiating new browser for Auth
2025-09-28 18:44:55,977 [WARN] PackLoader:240 - Cannot read IP mode file for WES.I-CUBE-Cesium.1.4.0
2025-09-28 18:44:56,065 [WARN] PackLoader:240 - Cannot read IP mode file for Infineon.AIROC-Wi-Fi-Bluetooth-STM32.1.7.1
2025-09-28 18:44:56,122 [WARN] PackLoader:240 - Cannot read IP mode file for STMicroelectronics.X-CUBE-AZRTOS-H7.3.4.0
2025-09-28 18:44:56,148 [WARN] PackLoader:240 - Cannot read IP mode file for STMicroelectronics.X-CUBE-DISPLAY.3.0.0
2025-09-28 18:44:56,175 [WARN] PackLoader:240 - Cannot read IP mode file for STMicroelectronics.X-CUBE-NFC10.1.0.0
2025-09-28 18:44:56,199 [WARN] PackLoader:240 - Cannot read IP mode file for emotas.I-CUBE-CANOPEN.1.3.0
2025-09-28 18:44:56,222 [WARN] PackLoader:240 - Cannot read IP mode file for STMicroelectronics.FP-SNS-STBOX1.2.1.0
2025-09-28 18:44:56,236 [WARN] PackLoader:240 - Cannot read IP mode file for STMicroelectronics.FP-SNS-SMARTAG2.1.2.0
2025-09-28 18:44:56,244 [WARN] PackLoader:240 - Cannot read IP mode file for STMicroelectronics.FP-SNS-FLIGHT1.5.1.0
2025-09-28 18:44:56,261 [INFO] LogOutputStream:77 - [STDOUT_REDIRECT] 1 : Invalid condition id : UX_CORESTACK_Condition cause : null
2025-09-28 18:44:56,261 [INFO] LogOutputStream:77 - [STDOUT_REDIRECT] 1 : Invalid condition id : UX_CORESTACK_Condition cause : null
2025-09-28 18:44:56,265 [INFO] LogOutputStream:77 - [STDOUT_REDIRECT] 1 : Invalid condition id : UX_CORESTACK_Condition cause : null
2025-09-28 18:44:56,266 [INFO] LogOutputStream:77 - [STDOUT_REDIRECT] 1 : Invalid condition id : UX_CORESTACK_Condition cause : null
2025-09-28 18:44:56,267 [INFO] LogOutputStream:77 - [STDOUT_REDIRECT] 1 : Invalid condition id : UX_CORESTACK_Condition cause : null
2025-09-28 18:44:56,273 [WARN] PackLoader:240 - Cannot read IP mode file for STMicroelectronics.X-CUBE-AZRTOS-WL.2.0.0
2025-09-28 18:44:56,283 [WARN] PackLoader:240 - Cannot read IP mode file for STMicroelectronics.FP-SNS-MOTENV1.5.0.0
2025-09-28 18:44:56,302 [WARN] PackLoader:240 - Cannot read IP mode file for STMicroelectronics.X-CUBE-BLE2.3.3.0
2025-09-28 18:44:56,320 [WARN] PackLoader:240 - Cannot read IP mode file for STMicroelectronics.X-CUBE-NFC9.1.0.0
2025-09-28 18:44:56,332 [WARN] PackLoader:240 - Cannot read IP mode file for wolfSSL.I-CUBE-wolfSSL.5.8.2
2025-09-28 18:44:56,340 [WARN] PackLoader:240 - Cannot read IP mode file for STMicroelectronics.X-CUBE-BLE1.7.1.0
2025-09-28 18:44:56,349 [WARN] PackLoader:240 - Cannot read IP mode file for wolfSSL.I-CUBE-wolfMQTT.1.19.2
2025-09-28 18:44:56,358 [WARN] PackLoader:240 - Cannot read IP mode file for STMicroelectronics.X-CUBE-EEPRMA1.5.2.0
2025-09-28 18:44:56,386 [WARN] PackLoader:240 - Cannot read IP mode file for STMicroelectronics.X-CUBE-AZRTOS-G0.1.1.0
2025-09-28 18:44:56,401 [WARN] PackLoader:240 - Cannot read IP mode file for STMicroelectronics.X-CUBE-SAFEA1.1.2.2
2025-09-28 18:44:56,407 [WARN] PackLoader:240 - Cannot read IP mode file for STMicroelectronics.X-CUBE-NFC4.3.0.0
2025-09-28 18:44:56,427 [WARN] PackLoader:240 - Cannot read IP mode file for EmbeddedOffice.I-CUBE-FS-RTOS.1.0.1
2025-09-28 18:44:56,436 [WARN] PackLoader:240 - Cannot read IP mode file for STMicroelectronics.X-CUBE-WB05N.2.0.0
2025-09-28 18:44:56,447 [WARN] PackLoader:240 - Cannot read IP mode file for wolfSSL.I-CUBE-wolfTPM.3.8.0
2025-09-28 18:44:56,457 [WARN] PackLoader:240 - Cannot read IP mode file for STMicroelectronics.X-CUBE-TCPP.4.2.0
2025-09-28 18:44:56,465 [WARN] PackLoader:240 - Cannot read IP mode file for RealThread.X-CUBE-RT-Thread_Nano.4.1.1
2025-09-28 18:44:56,468 [WARN] PackLoader:240 - Cannot read IP mode file for STMicroelectronics.FP-ATR-SIGFOX1.3.2.0
2025-09-28 18:44:56,486 [WARN] PackLoader:240 - Cannot read IP mode file for ITTIA_DB.I-CUBE-ITTIADB.8.9.0
2025-09-28 18:44:56,498 [WARN] PackLoader:240 - Cannot read IP mode file for STMicroelectronics.X-CUBE-ST67W61.1.0.0
2025-09-28 18:44:56,506 [WARN] PackLoader:240 - Cannot read IP mode file for STMicroelectronics.X-CUBE-AI.10.2.0
2025-09-28 18:44:56,558 [WARN] PackLoader:240 - Cannot read IP mode file for SEGGER.I-CUBE-embOS.1.3.1
2025-09-28 18:44:56,625 [WARN] PackLoader:240 - Cannot read IP mode file for STMicroelectronics.X-CUBE-ALGOBUILD.1.4.0
2025-09-28 18:44:56,693 [WARN] PackLoader:240 - Cannot read IP mode file for STMicroelectronics.X-CUBE-MEMS1.11.3.0
2025-09-28 18:44:56,943 [WARN] PackLoader:240 - Cannot read IP mode file for STMicroelectronics.X-CUBE-PM33A1.1.0.0
2025-09-28 18:44:56,962 [WARN] PackLoader:240 - Cannot read IP mode file for STMicroelectronics.X-CUBE-AZRTOS-F4.1.1.0
2025-09-28 18:44:56,974 [WARN] PackLoader:240 - Cannot read IP mode file for Avnet-IotConnect.X-CUBE-IoTC-DA16k-PMOD.1.0.0
2025-09-28 18:44:56,978 [WARN] PackLoader:240 - Cannot read IP mode file for STMicroelectronics.X-CUBE-ISPU.2.1.0
2025-09-28 18:44:56,986 [WARN] PackLoader:240 - Cannot read IP mode file for STMicroelectronics.X-CUBE-NFC12.1.0.0
2025-09-28 18:44:57,013 [WARN] PackLoader:240 - Cannot read IP mode file for STMicroelectronics.X-CUBE-AZRTOS-L5.2.0.0
2025-09-28 18:44:57,031 [WARN] PackLoader:240 - Cannot read IP mode file for STMicroelectronics.X-CUBE-NFC6.3.1.0
2025-09-28 18:44:57,042 [WARN] PackLoader:240 - Cannot read IP mode file for STMicroelectronics.X-CUBE-FREERTOS.1.3.1
2025-09-28 18:44:57,049 [WARN] PackLoader:240 - Cannot read IP mode file for STMicroelectronics.FP-SNS-STAIOTCFT.1.0.0
2025-09-28 18:44:57,059 [WARN] PackLoader:240 - Cannot read IP mode file for STMicroelectronics.X-CUBE-DPower.1.3.0
2025-09-28 18:44:57,082 [WARN] ConditionMgr:438 - getConditionDescription Invalid condition id : LAN8742 Phy interface Condition cause : null
2025-09-28 18:44:57,083 [WARN] PackLoader:240 - Cannot read IP mode file for STMicroelectronics.X-CUBE-AZRTOS-L4.2.0.0
2025-09-28 18:44:57,083 [WARN] ConditionMgr:1044 - genDependencies : Invalid condition id : LAN8742 Phy interface Condition cause : null
2025-09-28 18:44:57,085 [WARN] ConditionMgr:1044 - genDependencies : Invalid condition id : LAN8742 Phy interface Condition cause : null
2025-09-28 18:44:57,085 [WARN] ConditionMgr:1044 - genDependencies : Invalid condition id : LAN8742 Phy interface Condition cause : null
2025-09-28 18:44:57,094 [WARN] PackLoader:240 - Cannot read IP mode file for STMicroelectronics.X-CUBE-SFXS2LP1.4.0.0
2025-09-28 18:44:57,112 [WARN] PackLoader:240 - Cannot read IP mode file for STMicroelectronics.X-CUBE-BLEMGR.4.1.0
2025-09-28 18:44:57,131 [WARN] ConditionMgr:438 - getConditionDescription Invalid condition id : UX DEVICE CLASS RTOS Condition cause : null
2025-09-28 18:44:57,132 [WARN] ConditionMgr:438 - getConditionDescription Invalid condition id : UX DEVICE CLASS RTOS Condition cause : null
2025-09-28 18:44:57,134 [WARN] PackLoader:240 - Cannot read IP mode file for STMicroelectronics.X-CUBE-AZRTOS-WB.2.0.0
2025-09-28 18:44:57,134 [WARN] ConditionMgr:1044 - genDependencies : Invalid condition id : UX DEVICE CLASS RTOS Condition cause : null
2025-09-28 18:44:57,134 [WARN] ConditionMgr:1044 - genDependencies : Invalid condition id : UX DEVICE CLASS RTOS Condition cause : null
2025-09-28 18:44:57,134 [WARN] ConditionMgr:1044 - genDependencies : Invalid condition id : UX DEVICE CLASS RTOS Condition cause : null
2025-09-28 18:44:57,134 [WARN] ConditionMgr:1044 - genDependencies : Invalid condition id : UX DEVICE CLASS RTOS Condition cause : null
2025-09-28 18:44:57,134 [WARN] ConditionMgr:1044 - genDependencies : Invalid condition id : UX DEVICE CLASS RTOS Condition cause : null
2025-09-28 18:44:57,144 [WARN] PackLoader:240 - Cannot read IP mode file for STMicroelectronics.X-CUBE-GNSS1.7.0.1
2025-09-28 18:44:57,150 [WARN] PackLoader:240 - Cannot read IP mode file for STMicroelectronics.X-CUBE-TOUCHGFX.4.25.0
2025-09-28 18:44:57,158 [WARN] ConditionMgr:438 - getConditionDescription Invalid condition id : Cortex-A Device cause : null
2025-09-28 18:44:57,177 [WARN] ConditionMgr:1044 - genDependencies : Invalid condition id : Cortex-A Device cause : null
2025-09-28 18:44:57,177 [WARN] ConditionMgr:1044 - genDependencies : Invalid condition id : Cortex-A Device cause : null
2025-09-28 18:44:57,177 [WARN] ConditionMgr:1044 - genDependencies : Invalid condition id : Cortex-A Device cause : null
2025-09-28 18:44:57,190 [WARN] PackLoader:240 - Cannot read IP mode file for STMicroelectronics.X-CUBE-SUBG2.5.0.0
2025-09-28 18:44:57,217 [WARN] PackLoader:240 - Cannot read IP mode file for STMicroelectronics.X-CUBE-AZRTOS-H7RS.1.1.0
2025-09-28 18:44:57,226 [WARN] PackLoader:240 - Cannot read IP mode file for Cesanta.I-CUBE-Mongoose.7.13.0
2025-09-28 18:44:57,244 [WARN] PackLoader:240 - Cannot read IP mode file for STMicroelectronics.X-CUBE-AZRTOS-G4.2.0.0
2025-09-28 18:44:57,251 [WARN] PackLoader:240 - Cannot read IP mode file for wolfSSL.I-CUBE-wolfSSH.1.4.20
2025-09-28 18:44:57,255 [WARN] PackLoader:240 - Cannot read IP mode file for STMicroelectronics.X-CUBE-NFC7.2.0.0
2025-09-28 18:44:57,283 [WARN] PackLoader:240 - Cannot read IP mode file for STMicroelectronics.X-CUBE-IPS.3.1.0
2025-09-28 18:44:57,298 [WARN] PackLoader:240 - Cannot read IP mode file for STMicroelectronics.X-CUBE-ALS.1.0.2
2025-09-28 18:44:57,311 [WARN] PackLoader:240 - Cannot read IP mode file for STMicroelectronics.X-CUBE-STSE01.1.0.0
2025-09-28 18:44:57,330 [WARN] PackLoader:240 - Cannot read IP mode file for portGmbH.I-Cube-SoM-uGOAL.1.1.0
2025-09-28 18:44:57,358 [WARN] PackLoader:240 - Cannot read IP mode file for STMicroelectronics.X-CUBE-TOF1.3.4.3
2025-09-28 18:44:57,378 [INFO] ThirdParty:978 - Integrity check success = true
2025-09-28 18:44:57,378 [INFO] IntegrityCheckThread:100 - exiting critical section [integrity check]
2025-09-28 18:44:57,378 [INFO] IntegrityCheckThread:103 - End integrity checks thread
2025-09-28 18:44:57,475 [INFO] WebApp:463 - Apply proxy settings
2025-09-28 18:44:57,479 [INFO] WebApp:548 - Chromium requires no authentication
2025-09-28 18:44:57,520 [INFO] WebApp:491 - Direct internet connection detected
2025-09-28 18:44:57,582 [INFO] WebApp:900 - Register for checkConnection events
2025-09-28 18:44:57,582 [INFO] WebApp:463 - Apply proxy settings
2025-09-28 18:44:57,582 [INFO] WebApp:548 - Chromium requires no authentication
2025-09-28 18:44:57,582 [INFO] WebApp:491 - Direct internet connection detected
2025-09-28 18:44:57,918 [INFO] WebApp:191 - Connection restablished
2025-09-28 18:44:58,192 [INFO] WebApp:225 - Starting web application
2025-09-28 18:44:58,192 [INFO] WebApp:593 - Web application path used C:\ST\STM32CubeIDE_1.19.0\STM32CubeIDE\plugins\com.st.stm32cube.common.mx_6.15.0.202507011659\db\plugins\mcufinder\reactClient1\index.html
2025-09-28 18:44:58,494 [INFO] UserAuth:487 - Internet connection configuration mode: 1
2025-09-28 19:23:02,265 [INFO] WebApp:194 - Connection lost
2025-09-28 19:23:02,575 [INFO] WebApp:191 - Connection restablished
2025-09-28 19:51:36,232 [INFO] WebApp:194 - Connection lost
2025-09-28 19:51:36,594 [INFO] WebApp:191 - Connection restablished
